// Bun Snapshot v1, https://bun.sh/docs/test/snapshots

exports[`stringifyTransitionTable() stringifies the lexer transition table 1`] = `
"{
  acceptStates: new Set([1, 2, 3, 4, 50, 34, 95, 6, 7, 8, 9, 10, 13, 55, 57, 14, 54, 15, 16, 17, 18, 19, 20, 21, 39, 58, 72, 22, 40, 59, 73, 86, 98, 105, 110, 23, 41, 60, 74, 87, 99, 106, 111, 115, 118, 42, 61, 75, 88, 100, 107, 112, 116, 24, 43, 62, 76, 89, 101, 108, 113, 25, 44, 26, 45, 63, 77, 90, 27, 46, 64, 78, 91, 102, 65, 79, 92, 103, 47, 66, 80, 93, 104, 109, 114, 117, 119, 120, 121, 28, 48, 67, 81, 29, 49, 68, 82, 94, 30, 31, 32]),
  startStates: new Set([0]),
  transitions: [
    /* 0 */ new Map([
      ['Atom:\\t', new Set([1])],
      ['Atom:\\n', new Set([2])],
      ['Atom:\\r', new Set([3])],
      ['Atom: ', new Set([1])],
      ['Atom:!', new Set([4])],
      ['Atom:"', new Set([5])],
      ['Atom:#', new Set([6])],
      ['Atom:$', new Set([7])],
      ['Atom:&', new Set([8])],
      ['Atom:(', new Set([9])],
      ['Atom:)', new Set([10])],
      ['Atom:,', new Set([2])],
      ['Atom:-', new Set([11])],
      ['Atom:.', new Set([12])],
      ['Atom:0', new Set([13])],
      ['Range:1-9', new Set([14])],
      ['Atom::', new Set([15])],
      ['Atom:=', new Set([16])],
      ['Atom:@', new Set([17])],
      ['Range:A-Z', new Set([18])],
      ['Atom:[', new Set([19])],
      ['Atom:]', new Set([20])],
      ['Atom:_', new Set([18])],
      ['Range:a-d', new Set([18])],
      ['Atom:e', new Set([21])],
      ['Atom:f', new Set([22])],
      ['Range:g-h', new Set([18])],
      ['Atom:i', new Set([23])],
      ['Range:j-l', new Set([18])],
      ['Atom:m', new Set([24])],
      ['Atom:n', new Set([18])],
      ['Atom:o', new Set([25])],
      ['Atom:p', new Set([18])],
      ['Atom:q', new Set([26])],
      ['Atom:r', new Set([18])],
      ['Atom:s', new Set([27])],
      ['Atom:t', new Set([28])],
      ['Atom:u', new Set([29])],
      ['Range:v-z', new Set([18])],
      ['Atom:{', new Set([30])],
      ['Atom:|', new Set([31])],
      ['Atom:}', new Set([32])],
      ['Atom:\\ufeff', new Set([2])],
    ]),
    /* 1 */ new Map([
      ['Atom:\\t', new Set([1])],
      ['Atom: ', new Set([1])],
    ]),
    /* 2 */ new Map(),
    /* 3 */ new Map([['Atom:\\n', new Set([2])]]),
    /* 4 */ new Map(),
    /* 5 */ new Map([
      ['Atom:\\t', new Set([33])],
      ['Range: -!', new Set([33])],
      ['Atom:"', new Set([34])],
      ['Range:#-[', new Set([33])],
      ['Atom:\\\\', new Set([35])],
      ['Range:]-\\uffff', new Set([33])],
    ]),
    /* 6 */ new Map([
      ['Atom:\\t', new Set([6])],
      ['Range: -\\uffff', new Set([6])],
    ]),
    /* 7 */ new Map(),
    /* 8 */ new Map(),
    /* 9 */ new Map(),
    /* 10 */ new Map(),
    /* 11 */ new Map([
      ['Atom:0', new Set([13])],
      ['Range:1-9', new Set([14])],
    ]),
    /* 12 */ new Map([['Atom:.', new Set([36])]]),
    /* 13 */ new Map([
      ['Atom:.', new Set([37])],
      ['Atom:E', new Set([38])],
      ['Atom:e', new Set([38])],
    ]),
    /* 14 */ new Map([
      ['Atom:.', new Set([37])],
      ['Range:0-9', new Set([14])],
      ['Atom:E', new Set([38])],
      ['Atom:e', new Set([38])],
    ]),
    /* 15 */ new Map(),
    /* 16 */ new Map(),
    /* 17 */ new Map(),
    /* 18 */ new Map([
      ['Range:0-9', new Set([18])],
      ['Range:A-Z', new Set([18])],
      ['Atom:_', new Set([18])],
      ['Range:a-z', new Set([18])],
    ]),
    /* 19 */ new Map(),
    /* 20 */ new Map(),
    /* 21 */ new Map([
      ['Range:0-9', new Set([18])],
      ['Range:A-Z', new Set([18])],
      ['Atom:_', new Set([18])],
      ['Range:a-m', new Set([18])],
      ['Atom:n', new Set([39])],
      ['Range:o-z', new Set([18])],
    ]),
    /* 22 */ new Map([
      ['Range:0-9', new Set([18])],
      ['Range:A-Z', new Set([18])],
      ['Atom:_', new Set([18])],
      ['Range:a-q', new Set([18])],
      ['Atom:r', new Set([40])],
      ['Range:s-z', new Set([18])],
    ]),
    /* 23 */ new Map([
      ['Range:0-9', new Set([18])],
      ['Range:A-Z', new Set([18])],
      ['Atom:_', new Set([18])],
      ['Range:a-l', new Set([18])],
      ['Atom:m', new Set([41])],
      ['Atom:n', new Set([42])],
      ['Range:o-z', new Set([18])],
    ]),
    /* 24 */ new Map([
      ['Range:0-9', new Set([18])],
      ['Range:A-Z', new Set([18])],
      ['Atom:_', new Set([18])],
      ['Range:a-t', new Set([18])],
      ['Atom:u', new Set([43])],
      ['Range:v-z', new Set([18])],
    ]),
    /* 25 */ new Map([
      ['Range:0-9', new Set([18])],
      ['Range:A-Z', new Set([18])],
      ['Atom:_', new Set([18])],
      ['Range:a-m', new Set([18])],
      ['Atom:n', new Set([44])],
      ['Range:o-z', new Set([18])],
    ]),
    /* 26 */ new Map([
      ['Range:0-9', new Set([18])],
      ['Range:A-Z', new Set([18])],
      ['Atom:_', new Set([18])],
      ['Range:a-t', new Set([18])],
      ['Atom:u', new Set([45])],
      ['Range:v-z', new Set([18])],
    ]),
    /* 27 */ new Map([
      ['Range:0-9', new Set([18])],
      ['Range:A-Z', new Set([18])],
      ['Atom:_', new Set([18])],
      ['Range:a-b', new Set([18])],
      ['Atom:c', new Set([46])],
      ['Range:d-t', new Set([18])],
      ['Atom:u', new Set([47])],
      ['Range:v-z', new Set([18])],
    ]),
    /* 28 */ new Map([
      ['Range:0-9', new Set([18])],
      ['Range:A-Z', new Set([18])],
      ['Atom:_', new Set([18])],
      ['Range:a-x', new Set([18])],
      ['Atom:y', new Set([48])],
      ['Atom:z', new Set([18])],
    ]),
    /* 29 */ new Map([
      ['Range:0-9', new Set([18])],
      ['Range:A-Z', new Set([18])],
      ['Atom:_', new Set([18])],
      ['Range:a-m', new Set([18])],
      ['Atom:n', new Set([49])],
      ['Range:o-z', new Set([18])],
    ]),
    /* 30 */ new Map(),
    /* 31 */ new Map(),
    /* 32 */ new Map(),
    /* 33 */ new Map([
      ['Atom:\\t', new Set([33])],
      ['Range: -!', new Set([33])],
      ['Atom:"', new Set([50])],
      ['Range:#-[', new Set([33])],
      ['Atom:\\\\', new Set([35])],
      ['Range:]-\\uffff', new Set([33])],
    ]),
    /* 34 */ new Map([['Atom:"', new Set([51])]]),
    /* 35 */ new Map([
      ['Atom:"', new Set([33])],
      ['Atom:/', new Set([33])],
      ['Atom:\\\\', new Set([52])],
      ['Atom:b', new Set([33])],
      ['Atom:f', new Set([33])],
      ['Atom:n', new Set([33])],
      ['Atom:r', new Set([33])],
      ['Atom:t', new Set([33])],
      ['Atom:u', new Set([53])],
    ]),
    /* 36 */ new Map([['Atom:.', new Set([54])]]),
    /* 37 */ new Map([['Range:0-9', new Set([55])]]),
    /* 38 */ new Map([
      ['Atom:+', new Set([56])],
      ['Atom:-', new Set([56])],
      ['Range:0-9', new Set([57])],
    ]),
    /* 39 */ new Map([
      ['Range:0-9', new Set([18])],
      ['Range:A-Z', new Set([18])],
      ['Atom:_', new Set([18])],
      ['Range:a-t', new Set([18])],
      ['Atom:u', new Set([58])],
      ['Range:v-z', new Set([18])],
    ]),
    /* 40 */ new Map([
      ['Range:0-9', new Set([18])],
      ['Range:A-Z', new Set([18])],
      ['Atom:_', new Set([18])],
      ['Atom:a', new Set([59])],
      ['Range:b-z', new Set([18])],
    ]),
    /* 41 */ new Map([
      ['Range:0-9', new Set([18])],
      ['Range:A-Z', new Set([18])],
      ['Atom:_', new Set([18])],
      ['Range:a-o', new Set([18])],
      ['Atom:p', new Set([60])],
      ['Range:q-z', new Set([18])],
    ]),
    /* 42 */ new Map([
      ['Range:0-9', new Set([18])],
      ['Range:A-Z', new Set([18])],
      ['Atom:_', new Set([18])],
      ['Range:a-s', new Set([18])],
      ['Atom:t', new Set([61])],
      ['Range:u-z', new Set([18])],
    ]),
    /* 43 */ new Map([
      ['Range:0-9', new Set([18])],
      ['Range:A-Z', new Set([18])],
      ['Atom:_', new Set([18])],
      ['Range:a-s', new Set([18])],
      ['Atom:t', new Set([62])],
      ['Range:u-z', new Set([18])],
    ]),
    /* 44 */ new Map([
      ['Range:0-9', new Set([18])],
      ['Range:A-Z', new Set([18])],
      ['Atom:_', new Set([18])],
      ['Range:a-z', new Set([18])],
    ]),
    /* 45 */ new Map([
      ['Range:0-9', new Set([18])],
      ['Range:A-Z', new Set([18])],
      ['Atom:_', new Set([18])],
      ['Range:a-d', new Set([18])],
      ['Atom:e', new Set([63])],
      ['Range:f-z', new Set([18])],
    ]),
    /* 46 */ new Map([
      ['Range:0-9', new Set([18])],
      ['Range:A-Z', new Set([18])],
      ['Atom:_', new Set([18])],
      ['Atom:a', new Set([64])],
      ['Range:b-g', new Set([18])],
      ['Atom:h', new Set([65])],
      ['Range:i-z', new Set([18])],
    ]),
    /* 47 */ new Map([
      ['Range:0-9', new Set([18])],
      ['Range:A-Z', new Set([18])],
      ['Atom:_', new Set([18])],
      ['Atom:a', new Set([18])],
      ['Atom:b', new Set([66])],
      ['Range:c-z', new Set([18])],
    ]),
    /* 48 */ new Map([
      ['Range:0-9', new Set([18])],
      ['Range:A-Z', new Set([18])],
      ['Atom:_', new Set([18])],
      ['Range:a-o', new Set([18])],
      ['Atom:p', new Set([67])],
      ['Range:q-z', new Set([18])],
    ]),
    /* 49 */ new Map([
      ['Range:0-9', new Set([18])],
      ['Range:A-Z', new Set([18])],
      ['Atom:_', new Set([18])],
      ['Range:a-h', new Set([18])],
      ['Atom:i', new Set([68])],
      ['Range:j-z', new Set([18])],
    ]),
    /* 50 */ new Map(),
    /* 51 */ new Map([
      ['Range:\\t-\\n', new Set([51])],
      ['Atom:\\r', new Set([51])],
      ['Range: -!', new Set([51])],
      ['Atom:"', new Set([69])],
      ['Range:#-[', new Set([51])],
      ['Atom:\\\\', new Set([70])],
      ['Range:]-\\uffff', new Set([51])],
    ]),
    /* 52 */ new Map([
      ['Atom:/', new Set([33])],
      ['Atom:\\\\', new Set([52])],
      ['Atom:b', new Set([33])],
      ['Atom:f', new Set([33])],
      ['Atom:n', new Set([33])],
      ['Atom:r', new Set([33])],
      ['Atom:t', new Set([33])],
      ['Atom:u', new Set([53])],
    ]),
    /* 53 */ new Map([
      ['Range:0-9', new Set([71])],
      ['Range:A-F', new Set([71])],
      ['Range:a-f', new Set([71])],
    ]),
    /* 54 */ new Map(),
    /* 55 */ new Map([
      ['Range:0-9', new Set([55])],
      ['Atom:E', new Set([38])],
      ['Atom:e', new Set([38])],
    ]),
    /* 56 */ new Map([['Range:0-9', new Set([57])]]),
    /* 57 */ new Map([['Range:0-9', new Set([57])]]),
    /* 58 */ new Map([
      ['Range:0-9', new Set([18])],
      ['Range:A-Z', new Set([18])],
      ['Atom:_', new Set([18])],
      ['Range:a-l', new Set([18])],
      ['Atom:m', new Set([72])],
      ['Range:n-z', new Set([18])],
    ]),
    /* 59 */ new Map([
      ['Range:0-9', new Set([18])],
      ['Range:A-Z', new Set([18])],
      ['Atom:_', new Set([18])],
      ['Range:a-f', new Set([18])],
      ['Atom:g', new Set([73])],
      ['Range:h-z', new Set([18])],
    ]),
    /* 60 */ new Map([
      ['Range:0-9', new Set([18])],
      ['Range:A-Z', new Set([18])],
      ['Atom:_', new Set([18])],
      ['Range:a-k', new Set([18])],
      ['Atom:l', new Set([74])],
      ['Range:m-z', new Set([18])],
    ]),
    /* 61 */ new Map([
      ['Range:0-9', new Set([18])],
      ['Range:A-Z', new Set([18])],
      ['Atom:_', new Set([18])],
      ['Range:a-d', new Set([18])],
      ['Atom:e', new Set([75])],
      ['Range:f-z', new Set([18])],
    ]),
    /* 62 */ new Map([
      ['Range:0-9', new Set([18])],
      ['Range:A-Z', new Set([18])],
      ['Atom:_', new Set([18])],
      ['Atom:a', new Set([76])],
      ['Range:b-z', new Set([18])],
    ]),
    /* 63 */ new Map([
      ['Range:0-9', new Set([18])],
      ['Range:A-Z', new Set([18])],
      ['Atom:_', new Set([18])],
      ['Range:a-q', new Set([18])],
      ['Atom:r', new Set([77])],
      ['Range:s-z', new Set([18])],
    ]),
    /* 64 */ new Map([
      ['Range:0-9', new Set([18])],
      ['Range:A-Z', new Set([18])],
      ['Atom:_', new Set([18])],
      ['Range:a-k', new Set([18])],
      ['Atom:l', new Set([78])],
      ['Range:m-z', new Set([18])],
    ]),
    /* 65 */ new Map([
      ['Range:0-9', new Set([18])],
      ['Range:A-Z', new Set([18])],
      ['Atom:_', new Set([18])],
      ['Range:a-d', new Set([18])],
      ['Atom:e', new Set([79])],
      ['Range:f-z', new Set([18])],
    ]),
    /* 66 */ new Map([
      ['Range:0-9', new Set([18])],
      ['Range:A-Z', new Set([18])],
      ['Atom:_', new Set([18])],
      ['Range:a-r', new Set([18])],
      ['Atom:s', new Set([80])],
      ['Range:t-z', new Set([18])],
    ]),
    /* 67 */ new Map([
      ['Range:0-9', new Set([18])],
      ['Range:A-Z', new Set([18])],
      ['Atom:_', new Set([18])],
      ['Range:a-d', new Set([18])],
      ['Atom:e', new Set([81])],
      ['Range:f-z', new Set([18])],
    ]),
    /* 68 */ new Map([
      ['Range:0-9', new Set([18])],
      ['Range:A-Z', new Set([18])],
      ['Atom:_', new Set([18])],
      ['Range:a-n', new Set([18])],
      ['Atom:o', new Set([82])],
      ['Range:p-z', new Set([18])],
    ]),
    /* 69 */ new Map([
      ['Range:\\t-\\n', new Set([51])],
      ['Atom:\\r', new Set([51])],
      ['Range: -!', new Set([51])],
      ['Atom:"', new Set([83])],
      ['Range:#-[', new Set([51])],
      ['Atom:\\\\', new Set([70])],
      ['Range:]-\\uffff', new Set([51])],
    ]),
    /* 70 */ new Map([
      ['Range:\\t-\\n', new Set([51])],
      ['Atom:\\r', new Set([51])],
      ['Range: -!', new Set([51])],
      ['Atom:"', new Set([84])],
      ['Range:#-[', new Set([51])],
      ['Atom:\\\\', new Set([70])],
      ['Range:]-\\uffff', new Set([51])],
    ]),
    /* 71 */ new Map([
      ['Range:0-9', new Set([85])],
      ['Range:A-F', new Set([85])],
      ['Range:a-f', new Set([85])],
    ]),
    /* 72 */ new Map([
      ['Range:0-9', new Set([18])],
      ['Range:A-Z', new Set([18])],
      ['Atom:_', new Set([18])],
      ['Range:a-z', new Set([18])],
    ]),
    /* 73 */ new Map([
      ['Range:0-9', new Set([18])],
      ['Range:A-Z', new Set([18])],
      ['Atom:_', new Set([18])],
      ['Range:a-l', new Set([18])],
      ['Atom:m', new Set([86])],
      ['Range:n-z', new Set([18])],
    ]),
    /* 74 */ new Map([
      ['Range:0-9', new Set([18])],
      ['Range:A-Z', new Set([18])],
      ['Atom:_', new Set([18])],
      ['Range:a-d', new Set([18])],
      ['Atom:e', new Set([87])],
      ['Range:f-z', new Set([18])],
    ]),
    /* 75 */ new Map([
      ['Range:0-9', new Set([18])],
      ['Range:A-Z', new Set([18])],
      ['Atom:_', new Set([18])],
      ['Range:a-q', new Set([18])],
      ['Atom:r', new Set([88])],
      ['Range:s-z', new Set([18])],
    ]),
    /* 76 */ new Map([
      ['Range:0-9', new Set([18])],
      ['Range:A-Z', new Set([18])],
      ['Atom:_', new Set([18])],
      ['Range:a-s', new Set([18])],
      ['Atom:t', new Set([89])],
      ['Range:u-z', new Set([18])],
    ]),
    /* 77 */ new Map([
      ['Range:0-9', new Set([18])],
      ['Range:A-Z', new Set([18])],
      ['Atom:_', new Set([18])],
      ['Range:a-x', new Set([18])],
      ['Atom:y', new Set([90])],
      ['Atom:z', new Set([18])],
    ]),
    /* 78 */ new Map([
      ['Range:0-9', new Set([18])],
      ['Range:A-Z', new Set([18])],
      ['Atom:_', new Set([18])],
      ['Atom:a', new Set([91])],
      ['Range:b-z', new Set([18])],
    ]),
    /* 79 */ new Map([
      ['Range:0-9', new Set([18])],
      ['Range:A-Z', new Set([18])],
      ['Atom:_', new Set([18])],
      ['Range:a-l', new Set([18])],
      ['Atom:m', new Set([92])],
      ['Range:n-z', new Set([18])],
    ]),
    /* 80 */ new Map([
      ['Range:0-9', new Set([18])],
      ['Range:A-Z', new Set([18])],
      ['Atom:_', new Set([18])],
      ['Range:a-b', new Set([18])],
      ['Atom:c', new Set([93])],
      ['Range:d-z', new Set([18])],
    ]),
    /* 81 */ new Map([
      ['Range:0-9', new Set([18])],
      ['Range:A-Z', new Set([18])],
      ['Atom:_', new Set([18])],
      ['Range:a-z', new Set([18])],
    ]),
    /* 82 */ new Map([
      ['Range:0-9', new Set([18])],
      ['Range:A-Z', new Set([18])],
      ['Atom:_', new Set([18])],
      ['Range:a-m', new Set([18])],
      ['Atom:n', new Set([94])],
      ['Range:o-z', new Set([18])],
    ]),
    /* 83 */ new Map([
      ['Range:\\t-\\n', new Set([51])],
      ['Atom:\\r', new Set([51])],
      ['Range: -!', new Set([51])],
      ['Atom:"', new Set([95])],
      ['Range:#-[', new Set([51])],
      ['Atom:\\\\', new Set([70])],
      ['Range:]-\\uffff', new Set([51])],
    ]),
    /* 84 */ new Map([
      ['Range:\\t-\\n', new Set([51])],
      ['Atom:\\r', new Set([51])],
      ['Range: -!', new Set([51])],
      ['Atom:"', new Set([96])],
      ['Range:#-[', new Set([51])],
      ['Atom:\\\\', new Set([70])],
      ['Range:]-\\uffff', new Set([51])],
    ]),
    /* 85 */ new Map([
      ['Range:0-9', new Set([97])],
      ['Range:A-F', new Set([97])],
      ['Range:a-f', new Set([97])],
    ]),
    /* 86 */ new Map([
      ['Range:0-9', new Set([18])],
      ['Range:A-Z', new Set([18])],
      ['Atom:_', new Set([18])],
      ['Range:a-d', new Set([18])],
      ['Atom:e', new Set([98])],
      ['Range:f-z', new Set([18])],
    ]),
    /* 87 */ new Map([
      ['Range:0-9', new Set([18])],
      ['Range:A-Z', new Set([18])],
      ['Atom:_', new Set([18])],
      ['Range:a-l', new Set([18])],
      ['Atom:m', new Set([99])],
      ['Range:n-z', new Set([18])],
    ]),
    /* 88 */ new Map([
      ['Range:0-9', new Set([18])],
      ['Range:A-Z', new Set([18])],
      ['Atom:_', new Set([18])],
      ['Range:a-e', new Set([18])],
      ['Atom:f', new Set([100])],
      ['Range:g-z', new Set([18])],
    ]),
    /* 89 */ new Map([
      ['Range:0-9', new Set([18])],
      ['Range:A-Z', new Set([18])],
      ['Atom:_', new Set([18])],
      ['Range:a-h', new Set([18])],
      ['Atom:i', new Set([101])],
      ['Range:j-z', new Set([18])],
    ]),
    /* 90 */ new Map([
      ['Range:0-9', new Set([18])],
      ['Range:A-Z', new Set([18])],
      ['Atom:_', new Set([18])],
      ['Range:a-z', new Set([18])],
    ]),
    /* 91 */ new Map([
      ['Range:0-9', new Set([18])],
      ['Range:A-Z', new Set([18])],
      ['Atom:_', new Set([18])],
      ['Range:a-q', new Set([18])],
      ['Atom:r', new Set([102])],
      ['Range:s-z', new Set([18])],
    ]),
    /* 92 */ new Map([
      ['Range:0-9', new Set([18])],
      ['Range:A-Z', new Set([18])],
      ['Atom:_', new Set([18])],
      ['Atom:a', new Set([103])],
      ['Range:b-z', new Set([18])],
    ]),
    /* 93 */ new Map([
      ['Range:0-9', new Set([18])],
      ['Range:A-Z', new Set([18])],
      ['Atom:_', new Set([18])],
      ['Range:a-q', new Set([18])],
      ['Atom:r', new Set([104])],
      ['Range:s-z', new Set([18])],
    ]),
    /* 94 */ new Map([
      ['Range:0-9', new Set([18])],
      ['Range:A-Z', new Set([18])],
      ['Atom:_', new Set([18])],
      ['Range:a-z', new Set([18])],
    ]),
    /* 95 */ new Map(),
    /* 96 */ new Map([
      ['Atom:\\n', new Set([51])],
      ['Atom:\\r', new Set([51])],
      ['Range: -[', new Set([51])],
      ['Atom:\\\\', new Set([70])],
      ['Range:]-\\uffff', new Set([51])],
    ]),
    /* 97 */ new Map([
      ['Range:0-9', new Set([33])],
      ['Range:A-F', new Set([33])],
      ['Range:a-f', new Set([33])],
    ]),
    /* 98 */ new Map([
      ['Range:0-9', new Set([18])],
      ['Range:A-Z', new Set([18])],
      ['Atom:_', new Set([18])],
      ['Range:a-m', new Set([18])],
      ['Atom:n', new Set([105])],
      ['Range:o-z', new Set([18])],
    ]),
    /* 99 */ new Map([
      ['Range:0-9', new Set([18])],
      ['Range:A-Z', new Set([18])],
      ['Atom:_', new Set([18])],
      ['Range:a-d', new Set([18])],
      ['Atom:e', new Set([106])],
      ['Range:f-z', new Set([18])],
    ]),
    /* 100 */ new Map([
      ['Range:0-9', new Set([18])],
      ['Range:A-Z', new Set([18])],
      ['Atom:_', new Set([18])],
      ['Atom:a', new Set([107])],
      ['Range:b-z', new Set([18])],
    ]),
    /* 101 */ new Map([
      ['Range:0-9', new Set([18])],
      ['Range:A-Z', new Set([18])],
      ['Atom:_', new Set([18])],
      ['Range:a-n', new Set([18])],
      ['Atom:o', new Set([108])],
      ['Range:p-z', new Set([18])],
    ]),
    /* 102 */ new Map([
      ['Range:0-9', new Set([18])],
      ['Range:A-Z', new Set([18])],
      ['Atom:_', new Set([18])],
      ['Range:a-z', new Set([18])],
    ]),
    /* 103 */ new Map([
      ['Range:0-9', new Set([18])],
      ['Range:A-Z', new Set([18])],
      ['Atom:_', new Set([18])],
      ['Range:a-z', new Set([18])],
    ]),
    /* 104 */ new Map([
      ['Range:0-9', new Set([18])],
      ['Range:A-Z', new Set([18])],
      ['Atom:_', new Set([18])],
      ['Range:a-h', new Set([18])],
      ['Atom:i', new Set([109])],
      ['Range:j-z', new Set([18])],
    ]),
    /* 105 */ new Map([
      ['Range:0-9', new Set([18])],
      ['Range:A-Z', new Set([18])],
      ['Atom:_', new Set([18])],
      ['Range:a-s', new Set([18])],
      ['Atom:t', new Set([110])],
      ['Range:u-z', new Set([18])],
    ]),
    /* 106 */ new Map([
      ['Range:0-9', new Set([18])],
      ['Range:A-Z', new Set([18])],
      ['Atom:_', new Set([18])],
      ['Range:a-m', new Set([18])],
      ['Atom:n', new Set([111])],
      ['Range:o-z', new Set([18])],
    ]),
    /* 107 */ new Map([
      ['Range:0-9', new Set([18])],
      ['Range:A-Z', new Set([18])],
      ['Atom:_', new Set([18])],
      ['Range:a-b', new Set([18])],
      ['Atom:c', new Set([112])],
      ['Range:d-z', new Set([18])],
    ]),
    /* 108 */ new Map([
      ['Range:0-9', new Set([18])],
      ['Range:A-Z', new Set([18])],
      ['Atom:_', new Set([18])],
      ['Range:a-m', new Set([18])],
      ['Atom:n', new Set([113])],
      ['Range:o-z', new Set([18])],
    ]),
    /* 109 */ new Map([
      ['Range:0-9', new Set([18])],
      ['Range:A-Z', new Set([18])],
      ['Atom:_', new Set([18])],
      ['Range:a-o', new Set([18])],
      ['Atom:p', new Set([114])],
      ['Range:q-z', new Set([18])],
    ]),
    /* 110 */ new Map([
      ['Range:0-9', new Set([18])],
      ['Range:A-Z', new Set([18])],
      ['Atom:_', new Set([18])],
      ['Range:a-z', new Set([18])],
    ]),
    /* 111 */ new Map([
      ['Range:0-9', new Set([18])],
      ['Range:A-Z', new Set([18])],
      ['Atom:_', new Set([18])],
      ['Range:a-s', new Set([18])],
      ['Atom:t', new Set([115])],
      ['Range:u-z', new Set([18])],
    ]),
    /* 112 */ new Map([
      ['Range:0-9', new Set([18])],
      ['Range:A-Z', new Set([18])],
      ['Atom:_', new Set([18])],
      ['Range:a-d', new Set([18])],
      ['Atom:e', new Set([116])],
      ['Range:f-z', new Set([18])],
    ]),
    /* 113 */ new Map([
      ['Range:0-9', new Set([18])],
      ['Range:A-Z', new Set([18])],
      ['Atom:_', new Set([18])],
      ['Range:a-z', new Set([18])],
    ]),
    /* 114 */ new Map([
      ['Range:0-9', new Set([18])],
      ['Range:A-Z', new Set([18])],
      ['Atom:_', new Set([18])],
      ['Range:a-s', new Set([18])],
      ['Atom:t', new Set([117])],
      ['Range:u-z', new Set([18])],
    ]),
    /* 115 */ new Map([
      ['Range:0-9', new Set([18])],
      ['Range:A-Z', new Set([18])],
      ['Atom:_', new Set([18])],
      ['Range:a-r', new Set([18])],
      ['Atom:s', new Set([118])],
      ['Range:t-z', new Set([18])],
    ]),
    /* 116 */ new Map([
      ['Range:0-9', new Set([18])],
      ['Range:A-Z', new Set([18])],
      ['Atom:_', new Set([18])],
      ['Range:a-z', new Set([18])],
    ]),
    /* 117 */ new Map([
      ['Range:0-9', new Set([18])],
      ['Range:A-Z', new Set([18])],
      ['Atom:_', new Set([18])],
      ['Range:a-h', new Set([18])],
      ['Atom:i', new Set([119])],
      ['Range:j-z', new Set([18])],
    ]),
    /* 118 */ new Map([
      ['Range:0-9', new Set([18])],
      ['Range:A-Z', new Set([18])],
      ['Atom:_', new Set([18])],
      ['Range:a-z', new Set([18])],
    ]),
    /* 119 */ new Map([
      ['Range:0-9', new Set([18])],
      ['Range:A-Z', new Set([18])],
      ['Atom:_', new Set([18])],
      ['Range:a-n', new Set([18])],
      ['Atom:o', new Set([120])],
      ['Range:p-z', new Set([18])],
    ]),
    /* 120 */ new Map([
      ['Range:0-9', new Set([18])],
      ['Range:A-Z', new Set([18])],
      ['Atom:_', new Set([18])],
      ['Range:a-m', new Set([18])],
      ['Atom:n', new Set([121])],
      ['Range:o-z', new Set([18])],
    ]),
    /* 121 */ new Map([
      ['Range:0-9', new Set([18])],
      ['Range:A-Z', new Set([18])],
      ['Atom:_', new Set([18])],
      ['Range:a-z', new Set([18])],
    ]),
  ],
  labels: [
    /* 0 */ undefined,
    /* 1 */ new Set(['IGNORED']),
    /* 2 */ new Set(['IGNORED']),
    /* 3 */ new Set(['IGNORED']),
    /* 4 */ new Set(['BANG']),
    /* 5 */ undefined,
    /* 6 */ new Set(['IGNORED']),
    /* 7 */ new Set(['DOLLAR']),
    /* 8 */ new Set(['AMPERSAND']),
    /* 9 */ new Set(['OPENING_PAREN']),
    /* 10 */ new Set(['CLOSING_PAREN']),
    /* 11 */ undefined,
    /* 12 */ undefined,
    /* 13 */ new Set(['NUMBER']),
    /* 14 */ new Set(['NUMBER']),
    /* 15 */ new Set(['COLON']),
    /* 16 */ new Set(['EQUALS']),
    /* 17 */ new Set(['AT']),
    /* 18 */ new Set(['NAME']),
    /* 19 */ new Set(['OPENING_BRACKET']),
    /* 20 */ new Set(['CLOSING_BRACKET']),
    /* 21 */ new Set(['NAME']),
    /* 22 */ new Set(['NAME']),
    /* 23 */ new Set(['NAME']),
    /* 24 */ new Set(['NAME']),
    /* 25 */ new Set(['NAME']),
    /* 26 */ new Set(['NAME']),
    /* 27 */ new Set(['NAME']),
    /* 28 */ new Set(['NAME']),
    /* 29 */ new Set(['NAME']),
    /* 30 */ new Set(['OPENING_BRACE']),
    /* 31 */ new Set(['BAR']),
    /* 32 */ new Set(['CLOSING_BRACE']),
    /* 33 */ undefined,
    /* 34 */ new Set(['STRING_VALUE']),
    /* 35 */ undefined,
    /* 36 */ undefined,
    /* 37 */ undefined,
    /* 38 */ undefined,
    /* 39 */ new Set(['NAME']),
    /* 40 */ new Set(['NAME']),
    /* 41 */ new Set(['NAME']),
    /* 42 */ new Set(['NAME']),
    /* 43 */ new Set(['NAME']),
    /* 44 */ new Set([
      'ON',
      'NAME',
    ]),
    /* 45 */ new Set(['NAME']),
    /* 46 */ new Set(['NAME']),
    /* 47 */ new Set(['NAME']),
    /* 48 */ new Set(['NAME']),
    /* 49 */ new Set(['NAME']),
    /* 50 */ new Set(['STRING_VALUE']),
    /* 51 */ undefined,
    /* 52 */ undefined,
    /* 53 */ undefined,
    /* 54 */ new Set(['ELLIPSIS']),
    /* 55 */ new Set(['NUMBER']),
    /* 56 */ undefined,
    /* 57 */ new Set(['NUMBER']),
    /* 58 */ new Set(['NAME']),
    /* 59 */ new Set(['NAME']),
    /* 60 */ new Set(['NAME']),
    /* 61 */ new Set(['NAME']),
    /* 62 */ new Set(['NAME']),
    /* 63 */ new Set(['NAME']),
    /* 64 */ new Set(['NAME']),
    /* 65 */ new Set(['NAME']),
    /* 66 */ new Set(['NAME']),
    /* 67 */ new Set(['NAME']),
    /* 68 */ new Set(['NAME']),
    /* 69 */ undefined,
    /* 70 */ undefined,
    /* 71 */ undefined,
    /* 72 */ new Set([
      'ENUM',
      'NAME',
    ]),
    /* 73 */ new Set(['NAME']),
    /* 74 */ new Set(['NAME']),
    /* 75 */ new Set(['NAME']),
    /* 76 */ new Set(['NAME']),
    /* 77 */ new Set(['NAME']),
    /* 78 */ new Set(['NAME']),
    /* 79 */ new Set(['NAME']),
    /* 80 */ new Set(['NAME']),
    /* 81 */ new Set([
      'TYPE',
      'NAME',
    ]),
    /* 82 */ new Set(['NAME']),
    /* 83 */ undefined,
    /* 84 */ undefined,
    /* 85 */ undefined,
    /* 86 */ new Set(['NAME']),
    /* 87 */ new Set(['NAME']),
    /* 88 */ new Set(['NAME']),
    /* 89 */ new Set(['NAME']),
    /* 90 */ new Set([
      'QUERY',
      'NAME',
    ]),
    /* 91 */ new Set(['NAME']),
    /* 92 */ new Set(['NAME']),
    /* 93 */ new Set(['NAME']),
    /* 94 */ new Set([
      'UNION',
      'NAME',
    ]),
    /* 95 */ new Set(['BLOCK_STRING_VALUE']),
    /* 96 */ undefined,
    /* 97 */ undefined,
    /* 98 */ new Set(['NAME']),
    /* 99 */ new Set(['NAME']),
    /* 100 */ new Set(['NAME']),
    /* 101 */ new Set(['NAME']),
    /* 102 */ new Set([
      'SCALAR',
      'NAME',
    ]),
    /* 103 */ new Set([
      'SCHEMA',
      'NAME',
    ]),
    /* 104 */ new Set(['NAME']),
    /* 105 */ new Set(['NAME']),
    /* 106 */ new Set(['NAME']),
    /* 107 */ new Set(['NAME']),
    /* 108 */ new Set(['NAME']),
    /* 109 */ new Set(['NAME']),
    /* 110 */ new Set([
      'FRAGMENT',
      'NAME',
    ]),
    /* 111 */ new Set(['NAME']),
    /* 112 */ new Set(['NAME']),
    /* 113 */ new Set([
      'MUTATION',
      'NAME',
    ]),
    /* 114 */ new Set(['NAME']),
    /* 115 */ new Set(['NAME']),
    /* 116 */ new Set([
      'INTERFACE',
      'NAME',
    ]),
    /* 117 */ new Set(['NAME']),
    /* 118 */ new Set([
      'IMPLEMENTS',
      'NAME',
    ]),
    /* 119 */ new Set(['NAME']),
    /* 120 */ new Set(['NAME']),
    /* 121 */ new Set([
      'SUBSCRIPTION',
      'NAME',
    ]),
  ],
}"
`;
