// Bun Snapshot v1, https://bun.sh/docs/test/snapshots

exports[`extendedGrammarForItemSets() returns an extended grammar for the GraphQL grammar 1`] = `
"
%token 0/FRAGMENT/13
%token 0/MUTATION/8
%token 0/OPENING_BRACE/11
%token 0/QUERY/7
%token 0/SUBSCRIPTION/9
%token 2/FRAGMENT/13
%token 2/MUTATION/8
%token 2/OPENING_BRACE/11
%token 2/QUERY/7
%token 2/SUBSCRIPTION/9
%token 6/ENUM/18
%token 6/FRAGMENT/19
%token 6/IMPLEMENTS/20
%token 6/INTERFACE/21
%token 6/NAME/17
%token 6/ON/22
%token 6/QUERY/23
%token 6/SCALAR/24
%token 6/SCHEMA/25
%token 6/SUBSCRIPTION/26
%token 6/TYPE/27
%token 6/UNION/28
%token 11/ELLIPSIS/35
%token 11/ENUM/18
%token 11/FRAGMENT/19
%token 11/IMPLEMENTS/20
%token 11/INTERFACE/21
%token 11/NAME/17
%token 11/ON/22
%token 11/QUERY/23
%token 11/SCALAR/24
%token 11/SCHEMA/25
%token 11/SUBSCRIPTION/26
%token 11/TYPE/27
%token 11/UNION/28
%token 13/NAME/38
%token 15/OPENING_PAREN/40
%token 29/CLOSING_BRACE/41
%token 29/ELLIPSIS/35
%token 29/ENUM/18
%token 29/FRAGMENT/19
%token 29/IMPLEMENTS/20
%token 29/INTERFACE/21
%token 29/NAME/17
%token 29/ON/22
%token 29/QUERY/23
%token 29/SCALAR/24
%token 29/SCHEMA/25
%token 29/SUBSCRIPTION/26
%token 29/TYPE/27
%token 29/UNION/28
%token 32/COLON/44
%token 32/OPENING_PAREN/45
%token 33/ENUM/18
%token 33/FRAGMENT/19
%token 33/IMPLEMENTS/20
%token 33/INTERFACE/21
%token 33/NAME/17
%token 33/ON/22
%token 33/QUERY/23
%token 33/SCALAR/24
%token 33/SCHEMA/25
%token 33/SUBSCRIPTION/26
%token 33/TYPE/27
%token 33/UNION/28
%token 35/NAME/38
%token 35/ON/49
%token 37/ON/50
%token 39/AT/54
%token 40/DOLLAR/58
%token 43/AT/54
%token 45/ENUM/18
%token 45/FRAGMENT/19
%token 45/IMPLEMENTS/20
%token 45/INTERFACE/21
%token 45/NAME/17
%token 45/ON/22
%token 45/QUERY/23
%token 45/SCALAR/24
%token 45/SCHEMA/25
%token 45/SUBSCRIPTION/26
%token 45/TYPE/27
%token 45/UNION/28
%token 46/OPENING_PAREN/45
%token 47/AT/54
%token 48/AT/54
%token 49/ENUM/18
%token 49/FRAGMENT/19
%token 49/IMPLEMENTS/20
%token 49/INTERFACE/21
%token 49/NAME/17
%token 49/ON/22
%token 49/QUERY/23
%token 49/SCALAR/24
%token 49/SCHEMA/25
%token 49/SUBSCRIPTION/26
%token 49/TYPE/27
%token 49/UNION/28
%token 50/ENUM/18
%token 50/FRAGMENT/19
%token 50/IMPLEMENTS/20
%token 50/INTERFACE/21
%token 50/NAME/17
%token 50/ON/22
%token 50/QUERY/23
%token 50/SCALAR/24
%token 50/SCHEMA/25
%token 50/SUBSCRIPTION/26
%token 50/TYPE/27
%token 50/UNION/28
%token 51/OPENING_BRACE/11
%token 52/AT/54
%token 54/ENUM/18
%token 54/FRAGMENT/19
%token 54/IMPLEMENTS/20
%token 54/INTERFACE/21
%token 54/NAME/17
%token 54/ON/22
%token 54/QUERY/23
%token 54/SCALAR/24
%token 54/SCHEMA/25
%token 54/SUBSCRIPTION/26
%token 54/TYPE/27
%token 54/UNION/28
%token 55/CLOSING_PAREN/72
%token 55/DOLLAR/58
%token 57/COLON/74
%token 58/ENUM/18
%token 58/FRAGMENT/19
%token 58/IMPLEMENTS/20
%token 58/INTERFACE/21
%token 58/NAME/17
%token 58/ON/22
%token 58/QUERY/23
%token 58/SCALAR/24
%token 58/SCHEMA/25
%token 58/SUBSCRIPTION/26
%token 58/TYPE/27
%token 58/UNION/28
%token 59/OPENING_BRACE/11
%token 60/CLOSING_PAREN/78
%token 60/ENUM/18
%token 60/FRAGMENT/19
%token 60/IMPLEMENTS/20
%token 60/INTERFACE/21
%token 60/NAME/17
%token 60/ON/22
%token 60/QUERY/23
%token 60/SCALAR/24
%token 60/SCHEMA/25
%token 60/SUBSCRIPTION/26
%token 60/TYPE/27
%token 60/UNION/28
%token 62/COLON/80
%token 63/AT/54
%token 65/OPENING_BRACE/11
%token 68/AT/54
%token 71/OPENING_PAREN/45
%token 74/ENUM/18
%token 74/FRAGMENT/19
%token 74/IMPLEMENTS/20
%token 74/INTERFACE/21
%token 74/NAME/17
%token 74/ON/22
%token 74/OPENING_BRACKET/88
%token 74/QUERY/23
%token 74/SCALAR/24
%token 74/SCHEMA/25
%token 74/SUBSCRIPTION/26
%token 74/TYPE/27
%token 74/UNION/28
%token 80/BLOCK_STRING_VALUE/96
%token 80/DOLLAR/58
%token 80/ENUM/18
%token 80/FRAGMENT/19
%token 80/IMPLEMENTS/20
%token 80/INTERFACE/21
%token 80/NAME/17
%token 80/NUMBER/93
%token 80/ON/22
%token 80/OPENING_BRACE/102
%token 80/OPENING_BRACKET/100
%token 80/QUERY/23
%token 80/SCALAR/24
%token 80/SCHEMA/25
%token 80/STRING_VALUE/95
%token 80/SUBSCRIPTION/26
%token 80/TYPE/27
%token 80/UNION/28
%token 81/OPENING_BRACE/11
%token 83/OPENING_BRACE/11
%token 85/EQUALS/106
%token 86/BANG/107
%token 87/BANG/108
%token 88/ENUM/18
%token 88/FRAGMENT/19
%token 88/IMPLEMENTS/20
%token 88/INTERFACE/21
%token 88/NAME/17
%token 88/ON/22
%token 88/OPENING_BRACKET/88
%token 88/QUERY/23
%token 88/SCALAR/24
%token 88/SCHEMA/25
%token 88/SUBSCRIPTION/26
%token 88/TYPE/27
%token 88/UNION/28
%token 100/BLOCK_STRING_VALUE/96
%token 100/CLOSING_BRACKET/110
%token 100/DOLLAR/58
%token 100/ENUM/18
%token 100/FRAGMENT/19
%token 100/IMPLEMENTS/20
%token 100/INTERFACE/21
%token 100/NAME/17
%token 100/NUMBER/93
%token 100/ON/22
%token 100/OPENING_BRACE/102
%token 100/OPENING_BRACKET/100
%token 100/QUERY/23
%token 100/SCALAR/24
%token 100/SCHEMA/25
%token 100/STRING_VALUE/95
%token 100/SUBSCRIPTION/26
%token 100/TYPE/27
%token 100/UNION/28
%token 102/CLOSING_BRACE/113
%token 102/ENUM/18
%token 102/FRAGMENT/19
%token 102/IMPLEMENTS/20
%token 102/INTERFACE/21
%token 102/NAME/17
%token 102/ON/22
%token 102/QUERY/23
%token 102/SCALAR/24
%token 102/SCHEMA/25
%token 102/SUBSCRIPTION/26
%token 102/TYPE/27
%token 102/UNION/28
%token 105/AT/120
%token 106/BLOCK_STRING_VALUE/96
%token 106/ENUM/18
%token 106/FRAGMENT/19
%token 106/IMPLEMENTS/20
%token 106/INTERFACE/21
%token 106/NAME/17
%token 106/NUMBER/93
%token 106/ON/22
%token 106/OPENING_BRACE/128
%token 106/OPENING_BRACKET/126
%token 106/QUERY/23
%token 106/SCALAR/24
%token 106/SCHEMA/25
%token 106/STRING_VALUE/95
%token 106/SUBSCRIPTION/26
%token 106/TYPE/27
%token 106/UNION/28
%token 109/CLOSING_BRACKET/129
%token 111/BLOCK_STRING_VALUE/96
%token 111/CLOSING_BRACKET/130
%token 111/DOLLAR/58
%token 111/ENUM/18
%token 111/FRAGMENT/19
%token 111/IMPLEMENTS/20
%token 111/INTERFACE/21
%token 111/NAME/17
%token 111/NUMBER/93
%token 111/ON/22
%token 111/OPENING_BRACE/102
%token 111/OPENING_BRACKET/100
%token 111/QUERY/23
%token 111/SCALAR/24
%token 111/SCHEMA/25
%token 111/STRING_VALUE/95
%token 111/SUBSCRIPTION/26
%token 111/TYPE/27
%token 111/UNION/28
%token 114/CLOSING_BRACE/132
%token 114/ENUM/18
%token 114/FRAGMENT/19
%token 114/IMPLEMENTS/20
%token 114/INTERFACE/21
%token 114/NAME/17
%token 114/ON/22
%token 114/QUERY/23
%token 114/SCALAR/24
%token 114/SCHEMA/25
%token 114/SUBSCRIPTION/26
%token 114/TYPE/27
%token 114/UNION/28
%token 116/COLON/134
%token 118/AT/120
%token 120/ENUM/18
%token 120/FRAGMENT/19
%token 120/IMPLEMENTS/20
%token 120/INTERFACE/21
%token 120/NAME/17
%token 120/ON/22
%token 120/QUERY/23
%token 120/SCALAR/24
%token 120/SCHEMA/25
%token 120/SUBSCRIPTION/26
%token 120/TYPE/27
%token 120/UNION/28
%token 126/BLOCK_STRING_VALUE/96
%token 126/CLOSING_BRACKET/137
%token 126/ENUM/18
%token 126/FRAGMENT/19
%token 126/IMPLEMENTS/20
%token 126/INTERFACE/21
%token 126/NAME/17
%token 126/NUMBER/93
%token 126/ON/22
%token 126/OPENING_BRACE/128
%token 126/OPENING_BRACKET/126
%token 126/QUERY/23
%token 126/SCALAR/24
%token 126/SCHEMA/25
%token 126/STRING_VALUE/95
%token 126/SUBSCRIPTION/26
%token 126/TYPE/27
%token 126/UNION/28
%token 128/CLOSING_BRACE/140
%token 128/ENUM/18
%token 128/FRAGMENT/19
%token 128/IMPLEMENTS/20
%token 128/INTERFACE/21
%token 128/NAME/17
%token 128/ON/22
%token 128/QUERY/23
%token 128/SCALAR/24
%token 128/SCHEMA/25
%token 128/SUBSCRIPTION/26
%token 128/TYPE/27
%token 128/UNION/28
%token 134/BLOCK_STRING_VALUE/96
%token 134/DOLLAR/58
%token 134/ENUM/18
%token 134/FRAGMENT/19
%token 134/IMPLEMENTS/20
%token 134/INTERFACE/21
%token 134/NAME/17
%token 134/NUMBER/93
%token 134/ON/22
%token 134/OPENING_BRACE/102
%token 134/OPENING_BRACKET/100
%token 134/QUERY/23
%token 134/SCALAR/24
%token 134/SCHEMA/25
%token 134/STRING_VALUE/95
%token 134/SUBSCRIPTION/26
%token 134/TYPE/27
%token 134/UNION/28
%token 136/OPENING_PAREN/146
%token 138/BLOCK_STRING_VALUE/96
%token 138/CLOSING_BRACKET/147
%token 138/ENUM/18
%token 138/FRAGMENT/19
%token 138/IMPLEMENTS/20
%token 138/INTERFACE/21
%token 138/NAME/17
%token 138/NUMBER/93
%token 138/ON/22
%token 138/OPENING_BRACE/128
%token 138/OPENING_BRACKET/126
%token 138/QUERY/23
%token 138/SCALAR/24
%token 138/SCHEMA/25
%token 138/STRING_VALUE/95
%token 138/SUBSCRIPTION/26
%token 138/TYPE/27
%token 138/UNION/28
%token 141/CLOSING_BRACE/149
%token 141/ENUM/18
%token 141/FRAGMENT/19
%token 141/IMPLEMENTS/20
%token 141/INTERFACE/21
%token 141/NAME/17
%token 141/ON/22
%token 141/QUERY/23
%token 141/SCALAR/24
%token 141/SCHEMA/25
%token 141/SUBSCRIPTION/26
%token 141/TYPE/27
%token 141/UNION/28
%token 143/COLON/151
%token 146/ENUM/18
%token 146/FRAGMENT/19
%token 146/IMPLEMENTS/20
%token 146/INTERFACE/21
%token 146/NAME/17
%token 146/ON/22
%token 146/QUERY/23
%token 146/SCALAR/24
%token 146/SCHEMA/25
%token 146/SUBSCRIPTION/26
%token 146/TYPE/27
%token 146/UNION/28
%token 151/BLOCK_STRING_VALUE/96
%token 151/ENUM/18
%token 151/FRAGMENT/19
%token 151/IMPLEMENTS/20
%token 151/INTERFACE/21
%token 151/NAME/17
%token 151/NUMBER/93
%token 151/ON/22
%token 151/OPENING_BRACE/128
%token 151/OPENING_BRACKET/126
%token 151/QUERY/23
%token 151/SCALAR/24
%token 151/SCHEMA/25
%token 151/STRING_VALUE/95
%token 151/SUBSCRIPTION/26
%token 151/TYPE/27
%token 151/UNION/28
%token 152/CLOSING_PAREN/156
%token 152/ENUM/18
%token 152/FRAGMENT/19
%token 152/IMPLEMENTS/20
%token 152/INTERFACE/21
%token 152/NAME/17
%token 152/ON/22
%token 152/QUERY/23
%token 152/SCALAR/24
%token 152/SCHEMA/25
%token 152/SUBSCRIPTION/26
%token 152/TYPE/27
%token 152/UNION/28
%token 154/COLON/158
%token 158/BLOCK_STRING_VALUE/96
%token 158/ENUM/18
%token 158/FRAGMENT/19
%token 158/IMPLEMENTS/20
%token 158/INTERFACE/21
%token 158/NAME/17
%token 158/NUMBER/93
%token 158/ON/22
%token 158/OPENING_BRACE/128
%token 158/OPENING_BRACKET/126
%token 158/QUERY/23
%token 158/SCALAR/24
%token 158/SCHEMA/25
%token 158/STRING_VALUE/95
%token 158/SUBSCRIPTION/26
%token 158/TYPE/27
%token 158/UNION/28

r0 : 0/Document'/$ → 0/Document/1
r1 : 0/Document/1 → 0/DefinitionList/2
r2 : 0/DefinitionList/2 → 0/Definition/3
r3 : 0/Definition/3 → 0/ExecutableDefinition/4
r4 : 0/ExecutableDefinition/4 → 0/OperationDefinition/5
r5 : 0/OperationDefinition/5 → 0/OperationType/6 6/OperationNameOpt/15 15/VariableDefinitionsOpt/39 39/DirectivesOpt/51 51/SelectionSet/69
r6 : 0/OperationType/6 → 0/QUERY/7
r7 : 0/OperationType/6 → 0/MUTATION/8
r8 : 0/OperationType/6 → 0/SUBSCRIPTION/9
r9 : 0/OperationDefinition/5 → 0/SelectionSet/10
r10 : 0/SelectionSet/10 → 0/OPENING_BRACE/11 11/SelectionList/29 29/CLOSING_BRACE/41
r11 : 0/Definition/3 → 0/FragmentDefinition/12
r12 : 0/FragmentDefinition/12 → 0/FRAGMENT/13 13/FragmentName/37 37/ON/50 50/NamedType/68 68/DirectivesOpt/83 83/SelectionSet/104
r13 : 0/DefinitionList/2 → 0/DefinitionList/2 2/Definition/14
r14 : 2/Definition/14 → 2/ExecutableDefinition/4
r15 : 2/ExecutableDefinition/4 → 2/OperationDefinition/5
r16 : 2/OperationDefinition/5 → 2/OperationType/6 6/OperationNameOpt/15 15/VariableDefinitionsOpt/39 39/DirectivesOpt/51 51/SelectionSet/69
r17 : 2/OperationType/6 → 2/QUERY/7
r18 : 2/OperationType/6 → 2/MUTATION/8
r19 : 2/OperationType/6 → 2/SUBSCRIPTION/9
r20 : 2/OperationDefinition/5 → 2/SelectionSet/10
r21 : 2/SelectionSet/10 → 2/OPENING_BRACE/11 11/SelectionList/29 29/CLOSING_BRACE/41
r22 : 2/Definition/14 → 2/FragmentDefinition/12
r23 : 2/FragmentDefinition/12 → 2/FRAGMENT/13 13/FragmentName/37 37/ON/50 50/NamedType/68 68/DirectivesOpt/83 83/SelectionSet/104
r24 : 6/OperationNameOpt/15 → 6/Name/16
r25 : 6/Name/16 → 6/NAME/17
r26 : 6/Name/16 → 6/ENUM/18
r27 : 6/Name/16 → 6/FRAGMENT/19
r28 : 6/Name/16 → 6/IMPLEMENTS/20
r29 : 6/Name/16 → 6/INTERFACE/21
r30 : 6/Name/16 → 6/ON/22
r31 : 6/Name/16 → 6/QUERY/23
r32 : 6/Name/16 → 6/SCALAR/24
r33 : 6/Name/16 → 6/SCHEMA/25
r34 : 6/Name/16 → 6/SUBSCRIPTION/26
r35 : 6/Name/16 → 6/TYPE/27
r36 : 6/Name/16 → 6/UNION/28
r37 : 6/OperationNameOpt/15 → ε
r38 : 11/SelectionList/29 → 11/Selection/30
r39 : 11/Selection/30 → 11/Field/31
r40 : 11/Field/31 → 11/Name/32 32/ArgumentsOpt/43 43/DirectivesOpt/59 59/SelectionSetOpt/76
r41 : 11/Name/32 → 11/NAME/17
r42 : 11/Name/32 → 11/ENUM/18
r43 : 11/Name/32 → 11/FRAGMENT/19
r44 : 11/Name/32 → 11/IMPLEMENTS/20
r45 : 11/Name/32 → 11/INTERFACE/21
r46 : 11/Name/32 → 11/ON/22
r47 : 11/Name/32 → 11/QUERY/23
r48 : 11/Name/32 → 11/SCALAR/24
r49 : 11/Name/32 → 11/SCHEMA/25
r50 : 11/Name/32 → 11/SUBSCRIPTION/26
r51 : 11/Name/32 → 11/TYPE/27
r52 : 11/Name/32 → 11/UNION/28
r53 : 11/Field/31 → 11/Alias/33 33/Name/46 46/ArgumentsOpt/63 63/DirectivesOpt/81 81/SelectionSetOpt/103
r54 : 11/Alias/33 → 11/Name/32 32/COLON/44
r55 : 11/Selection/30 → 11/FragmentSpread/34
r56 : 11/FragmentSpread/34 → 11/ELLIPSIS/35 35/FragmentName/47 47/DirectivesOpt/64
r57 : 11/Selection/30 → 11/InlineFragment/36
r58 : 11/InlineFragment/36 → 11/ELLIPSIS/35 35/TypeConditionOpt/48 48/DirectivesOpt/65 65/SelectionSet/82
r59 : 11/SelectionList/29 → 11/SelectionList/29 29/Selection/42
r60 : 13/FragmentName/37 → 13/NAME/38
r61 : 15/VariableDefinitionsOpt/39 → 15/OPENING_PAREN/40 40/VariableDefinitionList/55 55/CLOSING_PAREN/72
r62 : 15/VariableDefinitionsOpt/39 → ε
r63 : 29/Selection/42 → 29/Field/31
r64 : 29/Field/31 → 29/Name/32 32/ArgumentsOpt/43 43/DirectivesOpt/59 59/SelectionSetOpt/76
r65 : 29/Name/32 → 29/NAME/17
r66 : 29/Name/32 → 29/ENUM/18
r67 : 29/Name/32 → 29/FRAGMENT/19
r68 : 29/Name/32 → 29/IMPLEMENTS/20
r69 : 29/Name/32 → 29/INTERFACE/21
r70 : 29/Name/32 → 29/ON/22
r71 : 29/Name/32 → 29/QUERY/23
r72 : 29/Name/32 → 29/SCALAR/24
r73 : 29/Name/32 → 29/SCHEMA/25
r74 : 29/Name/32 → 29/SUBSCRIPTION/26
r75 : 29/Name/32 → 29/TYPE/27
r76 : 29/Name/32 → 29/UNION/28
r77 : 29/Field/31 → 29/Alias/33 33/Name/46 46/ArgumentsOpt/63 63/DirectivesOpt/81 81/SelectionSetOpt/103
r78 : 29/Alias/33 → 29/Name/32 32/COLON/44
r79 : 29/Selection/42 → 29/FragmentSpread/34
r80 : 29/FragmentSpread/34 → 29/ELLIPSIS/35 35/FragmentName/47 47/DirectivesOpt/64
r81 : 29/Selection/42 → 29/InlineFragment/36
r82 : 29/InlineFragment/36 → 29/ELLIPSIS/35 35/TypeConditionOpt/48 48/DirectivesOpt/65 65/SelectionSet/82
r83 : 32/ArgumentsOpt/43 → 32/OPENING_PAREN/45 45/ArgumentList/60 60/CLOSING_PAREN/78
r84 : 32/ArgumentsOpt/43 → ε
r85 : 33/Name/46 → 33/NAME/17
r86 : 33/Name/46 → 33/ENUM/18
r87 : 33/Name/46 → 33/FRAGMENT/19
r88 : 33/Name/46 → 33/IMPLEMENTS/20
r89 : 33/Name/46 → 33/INTERFACE/21
r90 : 33/Name/46 → 33/ON/22
r91 : 33/Name/46 → 33/QUERY/23
r92 : 33/Name/46 → 33/SCALAR/24
r93 : 33/Name/46 → 33/SCHEMA/25
r94 : 33/Name/46 → 33/SUBSCRIPTION/26
r95 : 33/Name/46 → 33/TYPE/27
r96 : 33/Name/46 → 33/UNION/28
r97 : 35/FragmentName/47 → 35/NAME/38
r98 : 35/TypeConditionOpt/48 → 35/ON/49 49/NamedType/66
r99 : 35/TypeConditionOpt/48 → ε
r100 : 39/DirectivesOpt/51 → 39/DirectiveList/52
r101 : 39/DirectiveList/52 → 39/Directive/53
r102 : 39/Directive/53 → 39/AT/54 54/Name/71 71/ArgumentsOpt/84
r103 : 39/DirectiveList/52 → 39/DirectiveList/52 52/Directive/70
r104 : 39/DirectivesOpt/51 → ε
r105 : 40/VariableDefinitionList/55 → 40/VariableDefinition/56
r106 : 40/VariableDefinition/56 → 40/Variable/57 57/COLON/74 74/Type/85 85/DefaultValueOpt/105 105/DirectivesConstOpt/117
r107 : 40/Variable/57 → 40/DOLLAR/58 58/Name/75
r108 : 40/VariableDefinitionList/55 → 40/VariableDefinitionList/55 55/VariableDefinition/73
r109 : 43/DirectivesOpt/59 → 43/DirectiveList/52
r110 : 43/DirectiveList/52 → 43/Directive/53
r111 : 43/Directive/53 → 43/AT/54 54/Name/71 71/ArgumentsOpt/84
r112 : 43/DirectiveList/52 → 43/DirectiveList/52 52/Directive/70
r113 : 43/DirectivesOpt/59 → ε
r114 : 45/ArgumentList/60 → 45/Argument/61
r115 : 45/Argument/61 → 45/Name/62 62/COLON/80 80/Value/90
r116 : 45/Name/62 → 45/NAME/17
r117 : 45/Name/62 → 45/ENUM/18
r118 : 45/Name/62 → 45/FRAGMENT/19
r119 : 45/Name/62 → 45/IMPLEMENTS/20
r120 : 45/Name/62 → 45/INTERFACE/21
r121 : 45/Name/62 → 45/ON/22
r122 : 45/Name/62 → 45/QUERY/23
r123 : 45/Name/62 → 45/SCALAR/24
r124 : 45/Name/62 → 45/SCHEMA/25
r125 : 45/Name/62 → 45/SUBSCRIPTION/26
r126 : 45/Name/62 → 45/TYPE/27
r127 : 45/Name/62 → 45/UNION/28
r128 : 45/ArgumentList/60 → 45/ArgumentList/60 60/Argument/79
r129 : 46/ArgumentsOpt/63 → 46/OPENING_PAREN/45 45/ArgumentList/60 60/CLOSING_PAREN/78
r130 : 46/ArgumentsOpt/63 → ε
r131 : 47/DirectivesOpt/64 → 47/DirectiveList/52
r132 : 47/DirectiveList/52 → 47/Directive/53
r133 : 47/Directive/53 → 47/AT/54 54/Name/71 71/ArgumentsOpt/84
r134 : 47/DirectiveList/52 → 47/DirectiveList/52 52/Directive/70
r135 : 47/DirectivesOpt/64 → ε
r136 : 48/DirectivesOpt/65 → 48/DirectiveList/52
r137 : 48/DirectiveList/52 → 48/Directive/53
r138 : 48/Directive/53 → 48/AT/54 54/Name/71 71/ArgumentsOpt/84
r139 : 48/DirectiveList/52 → 48/DirectiveList/52 52/Directive/70
r140 : 48/DirectivesOpt/65 → ε
r141 : 49/NamedType/66 → 49/Name/67
r142 : 49/Name/67 → 49/NAME/17
r143 : 49/Name/67 → 49/ENUM/18
r144 : 49/Name/67 → 49/FRAGMENT/19
r145 : 49/Name/67 → 49/IMPLEMENTS/20
r146 : 49/Name/67 → 49/INTERFACE/21
r147 : 49/Name/67 → 49/ON/22
r148 : 49/Name/67 → 49/QUERY/23
r149 : 49/Name/67 → 49/SCALAR/24
r150 : 49/Name/67 → 49/SCHEMA/25
r151 : 49/Name/67 → 49/SUBSCRIPTION/26
r152 : 49/Name/67 → 49/TYPE/27
r153 : 49/Name/67 → 49/UNION/28
r154 : 50/NamedType/68 → 50/Name/67
r155 : 50/Name/67 → 50/NAME/17
r156 : 50/Name/67 → 50/ENUM/18
r157 : 50/Name/67 → 50/FRAGMENT/19
r158 : 50/Name/67 → 50/IMPLEMENTS/20
r159 : 50/Name/67 → 50/INTERFACE/21
r160 : 50/Name/67 → 50/ON/22
r161 : 50/Name/67 → 50/QUERY/23
r162 : 50/Name/67 → 50/SCALAR/24
r163 : 50/Name/67 → 50/SCHEMA/25
r164 : 50/Name/67 → 50/SUBSCRIPTION/26
r165 : 50/Name/67 → 50/TYPE/27
r166 : 50/Name/67 → 50/UNION/28
r167 : 51/SelectionSet/69 → 51/OPENING_BRACE/11 11/SelectionList/29 29/CLOSING_BRACE/41
r168 : 52/Directive/70 → 52/AT/54 54/Name/71 71/ArgumentsOpt/84
r169 : 54/Name/71 → 54/NAME/17
r170 : 54/Name/71 → 54/ENUM/18
r171 : 54/Name/71 → 54/FRAGMENT/19
r172 : 54/Name/71 → 54/IMPLEMENTS/20
r173 : 54/Name/71 → 54/INTERFACE/21
r174 : 54/Name/71 → 54/ON/22
r175 : 54/Name/71 → 54/QUERY/23
r176 : 54/Name/71 → 54/SCALAR/24
r177 : 54/Name/71 → 54/SCHEMA/25
r178 : 54/Name/71 → 54/SUBSCRIPTION/26
r179 : 54/Name/71 → 54/TYPE/27
r180 : 54/Name/71 → 54/UNION/28
r181 : 55/VariableDefinition/73 → 55/Variable/57 57/COLON/74 74/Type/85 85/DefaultValueOpt/105 105/DirectivesConstOpt/117
r182 : 55/Variable/57 → 55/DOLLAR/58 58/Name/75
r183 : 58/Name/75 → 58/NAME/17
r184 : 58/Name/75 → 58/ENUM/18
r185 : 58/Name/75 → 58/FRAGMENT/19
r186 : 58/Name/75 → 58/IMPLEMENTS/20
r187 : 58/Name/75 → 58/INTERFACE/21
r188 : 58/Name/75 → 58/ON/22
r189 : 58/Name/75 → 58/QUERY/23
r190 : 58/Name/75 → 58/SCALAR/24
r191 : 58/Name/75 → 58/SCHEMA/25
r192 : 58/Name/75 → 58/SUBSCRIPTION/26
r193 : 58/Name/75 → 58/TYPE/27
r194 : 58/Name/75 → 58/UNION/28
r195 : 59/SelectionSetOpt/76 → 59/SelectionSet/77
r196 : 59/SelectionSet/77 → 59/OPENING_BRACE/11 11/SelectionList/29 29/CLOSING_BRACE/41
r197 : 59/SelectionSetOpt/76 → ε
r198 : 60/Argument/79 → 60/Name/62 62/COLON/80 80/Value/90
r199 : 60/Name/62 → 60/NAME/17
r200 : 60/Name/62 → 60/ENUM/18
r201 : 60/Name/62 → 60/FRAGMENT/19
r202 : 60/Name/62 → 60/IMPLEMENTS/20
r203 : 60/Name/62 → 60/INTERFACE/21
r204 : 60/Name/62 → 60/ON/22
r205 : 60/Name/62 → 60/QUERY/23
r206 : 60/Name/62 → 60/SCALAR/24
r207 : 60/Name/62 → 60/SCHEMA/25
r208 : 60/Name/62 → 60/SUBSCRIPTION/26
r209 : 60/Name/62 → 60/TYPE/27
r210 : 60/Name/62 → 60/UNION/28
r211 : 63/DirectivesOpt/81 → 63/DirectiveList/52
r212 : 63/DirectiveList/52 → 63/Directive/53
r213 : 63/Directive/53 → 63/AT/54 54/Name/71 71/ArgumentsOpt/84
r214 : 63/DirectiveList/52 → 63/DirectiveList/52 52/Directive/70
r215 : 63/DirectivesOpt/81 → ε
r216 : 65/SelectionSet/82 → 65/OPENING_BRACE/11 11/SelectionList/29 29/CLOSING_BRACE/41
r217 : 68/DirectivesOpt/83 → 68/DirectiveList/52
r218 : 68/DirectiveList/52 → 68/Directive/53
r219 : 68/Directive/53 → 68/AT/54 54/Name/71 71/ArgumentsOpt/84
r220 : 68/DirectiveList/52 → 68/DirectiveList/52 52/Directive/70
r221 : 68/DirectivesOpt/83 → ε
r222 : 71/ArgumentsOpt/84 → 71/OPENING_PAREN/45 45/ArgumentList/60 60/CLOSING_PAREN/78
r223 : 71/ArgumentsOpt/84 → ε
r224 : 74/Type/85 → 74/NamedType/86
r225 : 74/NamedType/86 → 74/Name/67
r226 : 74/Name/67 → 74/NAME/17
r227 : 74/Name/67 → 74/ENUM/18
r228 : 74/Name/67 → 74/FRAGMENT/19
r229 : 74/Name/67 → 74/IMPLEMENTS/20
r230 : 74/Name/67 → 74/INTERFACE/21
r231 : 74/Name/67 → 74/ON/22
r232 : 74/Name/67 → 74/QUERY/23
r233 : 74/Name/67 → 74/SCALAR/24
r234 : 74/Name/67 → 74/SCHEMA/25
r235 : 74/Name/67 → 74/SUBSCRIPTION/26
r236 : 74/Name/67 → 74/TYPE/27
r237 : 74/Name/67 → 74/UNION/28
r238 : 74/Type/85 → 74/ListType/87
r239 : 74/ListType/87 → 74/OPENING_BRACKET/88 88/Type/109 109/CLOSING_BRACKET/129
r240 : 74/Type/85 → 74/NonNullType/89
r241 : 74/NonNullType/89 → 74/ListType/87 87/BANG/108
r242 : 74/NonNullType/89 → 74/NamedType/86 86/BANG/107
r243 : 80/Value/90 → 80/Variable/91
r244 : 80/Variable/91 → 80/DOLLAR/58 58/Name/75
r245 : 80/Value/90 → 80/NumberValue/92
r246 : 80/NumberValue/92 → 80/NUMBER/93
r247 : 80/Value/90 → 80/StringValue/94
r248 : 80/StringValue/94 → 80/STRING_VALUE/95
r249 : 80/StringValue/94 → 80/BLOCK_STRING_VALUE/96
r250 : 80/Value/90 → 80/NamedValue/97
r251 : 80/NamedValue/97 → 80/Name/98
r252 : 80/Name/98 → 80/NAME/17
r253 : 80/Name/98 → 80/ENUM/18
r254 : 80/Name/98 → 80/FRAGMENT/19
r255 : 80/Name/98 → 80/IMPLEMENTS/20
r256 : 80/Name/98 → 80/INTERFACE/21
r257 : 80/Name/98 → 80/ON/22
r258 : 80/Name/98 → 80/QUERY/23
r259 : 80/Name/98 → 80/SCALAR/24
r260 : 80/Name/98 → 80/SCHEMA/25
r261 : 80/Name/98 → 80/SUBSCRIPTION/26
r262 : 80/Name/98 → 80/TYPE/27
r263 : 80/Name/98 → 80/UNION/28
r264 : 80/Value/90 → 80/ListValue/99
r265 : 80/ListValue/99 → 80/OPENING_BRACKET/100 100/CLOSING_BRACKET/110
r266 : 80/ListValue/99 → 80/OPENING_BRACKET/100 100/ListValueList/111 111/CLOSING_BRACKET/130
r267 : 80/Value/90 → 80/ObjectValue/101
r268 : 80/ObjectValue/101 → 80/OPENING_BRACE/102 102/CLOSING_BRACE/113
r269 : 80/ObjectValue/101 → 80/OPENING_BRACE/102 102/ObjectFieldList/114 114/CLOSING_BRACE/132
r270 : 81/SelectionSetOpt/103 → 81/SelectionSet/77
r271 : 81/SelectionSet/77 → 81/OPENING_BRACE/11 11/SelectionList/29 29/CLOSING_BRACE/41
r272 : 81/SelectionSetOpt/103 → ε
r273 : 83/SelectionSet/104 → 83/OPENING_BRACE/11 11/SelectionList/29 29/CLOSING_BRACE/41
r274 : 85/DefaultValueOpt/105 → 85/EQUALS/106 106/ValueConst/121
r275 : 85/DefaultValueOpt/105 → ε
r276 : 88/Type/109 → 88/NamedType/86
r277 : 88/NamedType/86 → 88/Name/67
r278 : 88/Name/67 → 88/NAME/17
r279 : 88/Name/67 → 88/ENUM/18
r280 : 88/Name/67 → 88/FRAGMENT/19
r281 : 88/Name/67 → 88/IMPLEMENTS/20
r282 : 88/Name/67 → 88/INTERFACE/21
r283 : 88/Name/67 → 88/ON/22
r284 : 88/Name/67 → 88/QUERY/23
r285 : 88/Name/67 → 88/SCALAR/24
r286 : 88/Name/67 → 88/SCHEMA/25
r287 : 88/Name/67 → 88/SUBSCRIPTION/26
r288 : 88/Name/67 → 88/TYPE/27
r289 : 88/Name/67 → 88/UNION/28
r290 : 88/Type/109 → 88/ListType/87
r291 : 88/ListType/87 → 88/OPENING_BRACKET/88 88/Type/109 109/CLOSING_BRACKET/129
r292 : 88/Type/109 → 88/NonNullType/89
r293 : 88/NonNullType/89 → 88/ListType/87 87/BANG/108
r294 : 88/NonNullType/89 → 88/NamedType/86 86/BANG/107
r295 : 100/ListValueList/111 → 100/Value/112
r296 : 100/Value/112 → 100/Variable/91
r297 : 100/Variable/91 → 100/DOLLAR/58 58/Name/75
r298 : 100/Value/112 → 100/NumberValue/92
r299 : 100/NumberValue/92 → 100/NUMBER/93
r300 : 100/Value/112 → 100/StringValue/94
r301 : 100/StringValue/94 → 100/STRING_VALUE/95
r302 : 100/StringValue/94 → 100/BLOCK_STRING_VALUE/96
r303 : 100/Value/112 → 100/NamedValue/97
r304 : 100/NamedValue/97 → 100/Name/98
r305 : 100/Name/98 → 100/NAME/17
r306 : 100/Name/98 → 100/ENUM/18
r307 : 100/Name/98 → 100/FRAGMENT/19
r308 : 100/Name/98 → 100/IMPLEMENTS/20
r309 : 100/Name/98 → 100/INTERFACE/21
r310 : 100/Name/98 → 100/ON/22
r311 : 100/Name/98 → 100/QUERY/23
r312 : 100/Name/98 → 100/SCALAR/24
r313 : 100/Name/98 → 100/SCHEMA/25
r314 : 100/Name/98 → 100/SUBSCRIPTION/26
r315 : 100/Name/98 → 100/TYPE/27
r316 : 100/Name/98 → 100/UNION/28
r317 : 100/Value/112 → 100/ListValue/99
r318 : 100/ListValue/99 → 100/OPENING_BRACKET/100 100/CLOSING_BRACKET/110
r319 : 100/ListValue/99 → 100/OPENING_BRACKET/100 100/ListValueList/111 111/CLOSING_BRACKET/130
r320 : 100/Value/112 → 100/ObjectValue/101
r321 : 100/ObjectValue/101 → 100/OPENING_BRACE/102 102/CLOSING_BRACE/113
r322 : 100/ObjectValue/101 → 100/OPENING_BRACE/102 102/ObjectFieldList/114 114/CLOSING_BRACE/132
r323 : 100/ListValueList/111 → 100/ListValueList/111 111/Value/131
r324 : 102/ObjectFieldList/114 → 102/ObjectField/115
r325 : 102/ObjectField/115 → 102/Name/116 116/COLON/134 134/Value/144
r326 : 102/Name/116 → 102/NAME/17
r327 : 102/Name/116 → 102/ENUM/18
r328 : 102/Name/116 → 102/FRAGMENT/19
r329 : 102/Name/116 → 102/IMPLEMENTS/20
r330 : 102/Name/116 → 102/INTERFACE/21
r331 : 102/Name/116 → 102/ON/22
r332 : 102/Name/116 → 102/QUERY/23
r333 : 102/Name/116 → 102/SCALAR/24
r334 : 102/Name/116 → 102/SCHEMA/25
r335 : 102/Name/116 → 102/SUBSCRIPTION/26
r336 : 102/Name/116 → 102/TYPE/27
r337 : 102/Name/116 → 102/UNION/28
r338 : 102/ObjectFieldList/114 → 102/ObjectFieldList/114 114/ObjectField/133
r339 : 105/DirectivesConstOpt/117 → 105/DirectiveConstList/118
r340 : 105/DirectiveConstList/118 → 105/DirectiveConst/119
r341 : 105/DirectiveConst/119 → 105/AT/120 120/Name/136 136/ArgumentsConstOpt/145
r342 : 105/DirectiveConstList/118 → 105/DirectiveConstList/118 118/DirectiveConst/135
r343 : 105/DirectivesConstOpt/117 → ε
r344 : 106/ValueConst/121 → 106/NumberValue/122
r345 : 106/NumberValue/122 → 106/NUMBER/93
r346 : 106/ValueConst/121 → 106/StringValue/123
r347 : 106/StringValue/123 → 106/STRING_VALUE/95
r348 : 106/StringValue/123 → 106/BLOCK_STRING_VALUE/96
r349 : 106/ValueConst/121 → 106/NamedValue/124
r350 : 106/NamedValue/124 → 106/Name/98
r351 : 106/Name/98 → 106/NAME/17
r352 : 106/Name/98 → 106/ENUM/18
r353 : 106/Name/98 → 106/FRAGMENT/19
r354 : 106/Name/98 → 106/IMPLEMENTS/20
r355 : 106/Name/98 → 106/INTERFACE/21
r356 : 106/Name/98 → 106/ON/22
r357 : 106/Name/98 → 106/QUERY/23
r358 : 106/Name/98 → 106/SCALAR/24
r359 : 106/Name/98 → 106/SCHEMA/25
r360 : 106/Name/98 → 106/SUBSCRIPTION/26
r361 : 106/Name/98 → 106/TYPE/27
r362 : 106/Name/98 → 106/UNION/28
r363 : 106/ValueConst/121 → 106/ListValueConst/125
r364 : 106/ListValueConst/125 → 106/OPENING_BRACKET/126 126/CLOSING_BRACKET/137
r365 : 106/ListValueConst/125 → 106/OPENING_BRACKET/126 126/ListValueConstList/138 138/CLOSING_BRACKET/147
r366 : 106/ValueConst/121 → 106/ObjectValueConst/127
r367 : 106/ObjectValueConst/127 → 106/OPENING_BRACE/128 128/CLOSING_BRACE/140
r368 : 106/ObjectValueConst/127 → 106/OPENING_BRACE/128 128/ObjectFieldConstList/141 141/CLOSING_BRACE/149
r369 : 111/Value/131 → 111/Variable/91
r370 : 111/Variable/91 → 111/DOLLAR/58 58/Name/75
r371 : 111/Value/131 → 111/NumberValue/92
r372 : 111/NumberValue/92 → 111/NUMBER/93
r373 : 111/Value/131 → 111/StringValue/94
r374 : 111/StringValue/94 → 111/STRING_VALUE/95
r375 : 111/StringValue/94 → 111/BLOCK_STRING_VALUE/96
r376 : 111/Value/131 → 111/NamedValue/97
r377 : 111/NamedValue/97 → 111/Name/98
r378 : 111/Name/98 → 111/NAME/17
r379 : 111/Name/98 → 111/ENUM/18
r380 : 111/Name/98 → 111/FRAGMENT/19
r381 : 111/Name/98 → 111/IMPLEMENTS/20
r382 : 111/Name/98 → 111/INTERFACE/21
r383 : 111/Name/98 → 111/ON/22
r384 : 111/Name/98 → 111/QUERY/23
r385 : 111/Name/98 → 111/SCALAR/24
r386 : 111/Name/98 → 111/SCHEMA/25
r387 : 111/Name/98 → 111/SUBSCRIPTION/26
r388 : 111/Name/98 → 111/TYPE/27
r389 : 111/Name/98 → 111/UNION/28
r390 : 111/Value/131 → 111/ListValue/99
r391 : 111/ListValue/99 → 111/OPENING_BRACKET/100 100/CLOSING_BRACKET/110
r392 : 111/ListValue/99 → 111/OPENING_BRACKET/100 100/ListValueList/111 111/CLOSING_BRACKET/130
r393 : 111/Value/131 → 111/ObjectValue/101
r394 : 111/ObjectValue/101 → 111/OPENING_BRACE/102 102/CLOSING_BRACE/113
r395 : 111/ObjectValue/101 → 111/OPENING_BRACE/102 102/ObjectFieldList/114 114/CLOSING_BRACE/132
r396 : 114/ObjectField/133 → 114/Name/116 116/COLON/134 134/Value/144
r397 : 114/Name/116 → 114/NAME/17
r398 : 114/Name/116 → 114/ENUM/18
r399 : 114/Name/116 → 114/FRAGMENT/19
r400 : 114/Name/116 → 114/IMPLEMENTS/20
r401 : 114/Name/116 → 114/INTERFACE/21
r402 : 114/Name/116 → 114/ON/22
r403 : 114/Name/116 → 114/QUERY/23
r404 : 114/Name/116 → 114/SCALAR/24
r405 : 114/Name/116 → 114/SCHEMA/25
r406 : 114/Name/116 → 114/SUBSCRIPTION/26
r407 : 114/Name/116 → 114/TYPE/27
r408 : 114/Name/116 → 114/UNION/28
r409 : 118/DirectiveConst/135 → 118/AT/120 120/Name/136 136/ArgumentsConstOpt/145
r410 : 120/Name/136 → 120/NAME/17
r411 : 120/Name/136 → 120/ENUM/18
r412 : 120/Name/136 → 120/FRAGMENT/19
r413 : 120/Name/136 → 120/IMPLEMENTS/20
r414 : 120/Name/136 → 120/INTERFACE/21
r415 : 120/Name/136 → 120/ON/22
r416 : 120/Name/136 → 120/QUERY/23
r417 : 120/Name/136 → 120/SCALAR/24
r418 : 120/Name/136 → 120/SCHEMA/25
r419 : 120/Name/136 → 120/SUBSCRIPTION/26
r420 : 120/Name/136 → 120/TYPE/27
r421 : 120/Name/136 → 120/UNION/28
r422 : 126/ListValueConstList/138 → 126/ValueConst/139
r423 : 126/ValueConst/139 → 126/NumberValue/122
r424 : 126/NumberValue/122 → 126/NUMBER/93
r425 : 126/ValueConst/139 → 126/StringValue/123
r426 : 126/StringValue/123 → 126/STRING_VALUE/95
r427 : 126/StringValue/123 → 126/BLOCK_STRING_VALUE/96
r428 : 126/ValueConst/139 → 126/NamedValue/124
r429 : 126/NamedValue/124 → 126/Name/98
r430 : 126/Name/98 → 126/NAME/17
r431 : 126/Name/98 → 126/ENUM/18
r432 : 126/Name/98 → 126/FRAGMENT/19
r433 : 126/Name/98 → 126/IMPLEMENTS/20
r434 : 126/Name/98 → 126/INTERFACE/21
r435 : 126/Name/98 → 126/ON/22
r436 : 126/Name/98 → 126/QUERY/23
r437 : 126/Name/98 → 126/SCALAR/24
r438 : 126/Name/98 → 126/SCHEMA/25
r439 : 126/Name/98 → 126/SUBSCRIPTION/26
r440 : 126/Name/98 → 126/TYPE/27
r441 : 126/Name/98 → 126/UNION/28
r442 : 126/ValueConst/139 → 126/ListValueConst/125
r443 : 126/ListValueConst/125 → 126/OPENING_BRACKET/126 126/CLOSING_BRACKET/137
r444 : 126/ListValueConst/125 → 126/OPENING_BRACKET/126 126/ListValueConstList/138 138/CLOSING_BRACKET/147
r445 : 126/ValueConst/139 → 126/ObjectValueConst/127
r446 : 126/ObjectValueConst/127 → 126/OPENING_BRACE/128 128/CLOSING_BRACE/140
r447 : 126/ObjectValueConst/127 → 126/OPENING_BRACE/128 128/ObjectFieldConstList/141 141/CLOSING_BRACE/149
r448 : 126/ListValueConstList/138 → 126/ListValueConstList/138 138/ValueConst/148
r449 : 128/ObjectFieldConstList/141 → 128/ObjectFieldConst/142
r450 : 128/ObjectFieldConst/142 → 128/Name/143 143/COLON/151 151/ValueConst/155
r451 : 128/Name/143 → 128/NAME/17
r452 : 128/Name/143 → 128/ENUM/18
r453 : 128/Name/143 → 128/FRAGMENT/19
r454 : 128/Name/143 → 128/IMPLEMENTS/20
r455 : 128/Name/143 → 128/INTERFACE/21
r456 : 128/Name/143 → 128/ON/22
r457 : 128/Name/143 → 128/QUERY/23
r458 : 128/Name/143 → 128/SCALAR/24
r459 : 128/Name/143 → 128/SCHEMA/25
r460 : 128/Name/143 → 128/SUBSCRIPTION/26
r461 : 128/Name/143 → 128/TYPE/27
r462 : 128/Name/143 → 128/UNION/28
r463 : 128/ObjectFieldConstList/141 → 128/ObjectFieldConstList/141 141/ObjectFieldConst/150
r464 : 134/Value/144 → 134/Variable/91
r465 : 134/Variable/91 → 134/DOLLAR/58 58/Name/75
r466 : 134/Value/144 → 134/NumberValue/92
r467 : 134/NumberValue/92 → 134/NUMBER/93
r468 : 134/Value/144 → 134/StringValue/94
r469 : 134/StringValue/94 → 134/STRING_VALUE/95
r470 : 134/StringValue/94 → 134/BLOCK_STRING_VALUE/96
r471 : 134/Value/144 → 134/NamedValue/97
r472 : 134/NamedValue/97 → 134/Name/98
r473 : 134/Name/98 → 134/NAME/17
r474 : 134/Name/98 → 134/ENUM/18
r475 : 134/Name/98 → 134/FRAGMENT/19
r476 : 134/Name/98 → 134/IMPLEMENTS/20
r477 : 134/Name/98 → 134/INTERFACE/21
r478 : 134/Name/98 → 134/ON/22
r479 : 134/Name/98 → 134/QUERY/23
r480 : 134/Name/98 → 134/SCALAR/24
r481 : 134/Name/98 → 134/SCHEMA/25
r482 : 134/Name/98 → 134/SUBSCRIPTION/26
r483 : 134/Name/98 → 134/TYPE/27
r484 : 134/Name/98 → 134/UNION/28
r485 : 134/Value/144 → 134/ListValue/99
r486 : 134/ListValue/99 → 134/OPENING_BRACKET/100 100/CLOSING_BRACKET/110
r487 : 134/ListValue/99 → 134/OPENING_BRACKET/100 100/ListValueList/111 111/CLOSING_BRACKET/130
r488 : 134/Value/144 → 134/ObjectValue/101
r489 : 134/ObjectValue/101 → 134/OPENING_BRACE/102 102/CLOSING_BRACE/113
r490 : 134/ObjectValue/101 → 134/OPENING_BRACE/102 102/ObjectFieldList/114 114/CLOSING_BRACE/132
r491 : 136/ArgumentsConstOpt/145 → 136/OPENING_PAREN/146 146/ArgumentConstList/152 152/CLOSING_PAREN/156
r492 : 136/ArgumentsConstOpt/145 → ε
r493 : 138/ValueConst/148 → 138/NumberValue/122
r494 : 138/NumberValue/122 → 138/NUMBER/93
r495 : 138/ValueConst/148 → 138/StringValue/123
r496 : 138/StringValue/123 → 138/STRING_VALUE/95
r497 : 138/StringValue/123 → 138/BLOCK_STRING_VALUE/96
r498 : 138/ValueConst/148 → 138/NamedValue/124
r499 : 138/NamedValue/124 → 138/Name/98
r500 : 138/Name/98 → 138/NAME/17
r501 : 138/Name/98 → 138/ENUM/18
r502 : 138/Name/98 → 138/FRAGMENT/19
r503 : 138/Name/98 → 138/IMPLEMENTS/20
r504 : 138/Name/98 → 138/INTERFACE/21
r505 : 138/Name/98 → 138/ON/22
r506 : 138/Name/98 → 138/QUERY/23
r507 : 138/Name/98 → 138/SCALAR/24
r508 : 138/Name/98 → 138/SCHEMA/25
r509 : 138/Name/98 → 138/SUBSCRIPTION/26
r510 : 138/Name/98 → 138/TYPE/27
r511 : 138/Name/98 → 138/UNION/28
r512 : 138/ValueConst/148 → 138/ListValueConst/125
r513 : 138/ListValueConst/125 → 138/OPENING_BRACKET/126 126/CLOSING_BRACKET/137
r514 : 138/ListValueConst/125 → 138/OPENING_BRACKET/126 126/ListValueConstList/138 138/CLOSING_BRACKET/147
r515 : 138/ValueConst/148 → 138/ObjectValueConst/127
r516 : 138/ObjectValueConst/127 → 138/OPENING_BRACE/128 128/CLOSING_BRACE/140
r517 : 138/ObjectValueConst/127 → 138/OPENING_BRACE/128 128/ObjectFieldConstList/141 141/CLOSING_BRACE/149
r518 : 141/ObjectFieldConst/150 → 141/Name/143 143/COLON/151 151/ValueConst/155
r519 : 141/Name/143 → 141/NAME/17
r520 : 141/Name/143 → 141/ENUM/18
r521 : 141/Name/143 → 141/FRAGMENT/19
r522 : 141/Name/143 → 141/IMPLEMENTS/20
r523 : 141/Name/143 → 141/INTERFACE/21
r524 : 141/Name/143 → 141/ON/22
r525 : 141/Name/143 → 141/QUERY/23
r526 : 141/Name/143 → 141/SCALAR/24
r527 : 141/Name/143 → 141/SCHEMA/25
r528 : 141/Name/143 → 141/SUBSCRIPTION/26
r529 : 141/Name/143 → 141/TYPE/27
r530 : 141/Name/143 → 141/UNION/28
r531 : 146/ArgumentConstList/152 → 146/ArgumentConst/153
r532 : 146/ArgumentConst/153 → 146/Name/154 154/COLON/158 158/ValueConst/159
r533 : 146/Name/154 → 146/NAME/17
r534 : 146/Name/154 → 146/ENUM/18
r535 : 146/Name/154 → 146/FRAGMENT/19
r536 : 146/Name/154 → 146/IMPLEMENTS/20
r537 : 146/Name/154 → 146/INTERFACE/21
r538 : 146/Name/154 → 146/ON/22
r539 : 146/Name/154 → 146/QUERY/23
r540 : 146/Name/154 → 146/SCALAR/24
r541 : 146/Name/154 → 146/SCHEMA/25
r542 : 146/Name/154 → 146/SUBSCRIPTION/26
r543 : 146/Name/154 → 146/TYPE/27
r544 : 146/Name/154 → 146/UNION/28
r545 : 146/ArgumentConstList/152 → 146/ArgumentConstList/152 152/ArgumentConst/157
r546 : 151/ValueConst/155 → 151/NumberValue/122
r547 : 151/NumberValue/122 → 151/NUMBER/93
r548 : 151/ValueConst/155 → 151/StringValue/123
r549 : 151/StringValue/123 → 151/STRING_VALUE/95
r550 : 151/StringValue/123 → 151/BLOCK_STRING_VALUE/96
r551 : 151/ValueConst/155 → 151/NamedValue/124
r552 : 151/NamedValue/124 → 151/Name/98
r553 : 151/Name/98 → 151/NAME/17
r554 : 151/Name/98 → 151/ENUM/18
r555 : 151/Name/98 → 151/FRAGMENT/19
r556 : 151/Name/98 → 151/IMPLEMENTS/20
r557 : 151/Name/98 → 151/INTERFACE/21
r558 : 151/Name/98 → 151/ON/22
r559 : 151/Name/98 → 151/QUERY/23
r560 : 151/Name/98 → 151/SCALAR/24
r561 : 151/Name/98 → 151/SCHEMA/25
r562 : 151/Name/98 → 151/SUBSCRIPTION/26
r563 : 151/Name/98 → 151/TYPE/27
r564 : 151/Name/98 → 151/UNION/28
r565 : 151/ValueConst/155 → 151/ListValueConst/125
r566 : 151/ListValueConst/125 → 151/OPENING_BRACKET/126 126/CLOSING_BRACKET/137
r567 : 151/ListValueConst/125 → 151/OPENING_BRACKET/126 126/ListValueConstList/138 138/CLOSING_BRACKET/147
r568 : 151/ValueConst/155 → 151/ObjectValueConst/127
r569 : 151/ObjectValueConst/127 → 151/OPENING_BRACE/128 128/CLOSING_BRACE/140
r570 : 151/ObjectValueConst/127 → 151/OPENING_BRACE/128 128/ObjectFieldConstList/141 141/CLOSING_BRACE/149
r571 : 152/ArgumentConst/157 → 152/Name/154 154/COLON/158 158/ValueConst/159
r572 : 152/Name/154 → 152/NAME/17
r573 : 152/Name/154 → 152/ENUM/18
r574 : 152/Name/154 → 152/FRAGMENT/19
r575 : 152/Name/154 → 152/IMPLEMENTS/20
r576 : 152/Name/154 → 152/INTERFACE/21
r577 : 152/Name/154 → 152/ON/22
r578 : 152/Name/154 → 152/QUERY/23
r579 : 152/Name/154 → 152/SCALAR/24
r580 : 152/Name/154 → 152/SCHEMA/25
r581 : 152/Name/154 → 152/SUBSCRIPTION/26
r582 : 152/Name/154 → 152/TYPE/27
r583 : 152/Name/154 → 152/UNION/28
r584 : 158/ValueConst/159 → 158/NumberValue/122
r585 : 158/NumberValue/122 → 158/NUMBER/93
r586 : 158/ValueConst/159 → 158/StringValue/123
r587 : 158/StringValue/123 → 158/STRING_VALUE/95
r588 : 158/StringValue/123 → 158/BLOCK_STRING_VALUE/96
r589 : 158/ValueConst/159 → 158/NamedValue/124
r590 : 158/NamedValue/124 → 158/Name/98
r591 : 158/Name/98 → 158/NAME/17
r592 : 158/Name/98 → 158/ENUM/18
r593 : 158/Name/98 → 158/FRAGMENT/19
r594 : 158/Name/98 → 158/IMPLEMENTS/20
r595 : 158/Name/98 → 158/INTERFACE/21
r596 : 158/Name/98 → 158/ON/22
r597 : 158/Name/98 → 158/QUERY/23
r598 : 158/Name/98 → 158/SCALAR/24
r599 : 158/Name/98 → 158/SCHEMA/25
r600 : 158/Name/98 → 158/SUBSCRIPTION/26
r601 : 158/Name/98 → 158/TYPE/27
r602 : 158/Name/98 → 158/UNION/28
r603 : 158/ValueConst/159 → 158/ListValueConst/125
r604 : 158/ListValueConst/125 → 158/OPENING_BRACKET/126 126/CLOSING_BRACKET/137
r605 : 158/ListValueConst/125 → 158/OPENING_BRACKET/126 126/ListValueConstList/138 138/CLOSING_BRACKET/147
r606 : 158/ValueConst/159 → 158/ObjectValueConst/127
r607 : 158/ObjectValueConst/127 → 158/OPENING_BRACE/128 128/CLOSING_BRACE/140
r608 : 158/ObjectValueConst/127 → 158/OPENING_BRACE/128 128/ObjectFieldConstList/141 141/CLOSING_BRACE/149
"
`;
