// Bun Snapshot v1, https://bun.sh/docs/test/snapshots

exports[`getItemSets() produces item sets for the GraphQL grammar 1`] = `
"
I0:
  Document' → · Document
  Document → · DefinitionList
  DefinitionList → · Definition
  Definition → · ExecutableDefinition
  ExecutableDefinition → · OperationDefinition
  OperationDefinition → · OperationType OperationNameOpt VariableDefinitionsOpt DirectivesOpt SelectionSet
  OperationType → · QUERY
  OperationType → · MUTATION
  OperationType → · SUBSCRIPTION
  OperationDefinition → · SelectionSet
  SelectionSet → · OPENING_BRACE SelectionList CLOSING_BRACE
  Definition → · FragmentDefinition
  FragmentDefinition → · FRAGMENT FragmentName ON NamedType DirectivesOpt SelectionSet
  DefinitionList → · DefinitionList Definition

I1:
  Document' → Document ·

I2:
  Document → DefinitionList ·
  DefinitionList → DefinitionList · Definition
  Definition → · ExecutableDefinition
  ExecutableDefinition → · OperationDefinition
  OperationDefinition → · OperationType OperationNameOpt VariableDefinitionsOpt DirectivesOpt SelectionSet
  OperationType → · QUERY
  OperationType → · MUTATION
  OperationType → · SUBSCRIPTION
  OperationDefinition → · SelectionSet
  SelectionSet → · OPENING_BRACE SelectionList CLOSING_BRACE
  Definition → · FragmentDefinition
  FragmentDefinition → · FRAGMENT FragmentName ON NamedType DirectivesOpt SelectionSet

I3:
  DefinitionList → Definition ·

I4:
  Definition → ExecutableDefinition ·

I5:
  ExecutableDefinition → OperationDefinition ·

I6:
  OperationDefinition → OperationType · OperationNameOpt VariableDefinitionsOpt DirectivesOpt SelectionSet
  OperationNameOpt → · Name
  Name → · NAME
  Name → · ENUM
  Name → · FRAGMENT
  Name → · IMPLEMENTS
  Name → · INTERFACE
  Name → · ON
  Name → · QUERY
  Name → · SCALAR
  Name → · SCHEMA
  Name → · SUBSCRIPTION
  Name → · TYPE
  Name → · UNION
  OperationNameOpt → ε ·

I7:
  OperationType → QUERY ·

I8:
  OperationType → MUTATION ·

I9:
  OperationType → SUBSCRIPTION ·

I10:
  OperationDefinition → SelectionSet ·

I11:
  SelectionSet → OPENING_BRACE · SelectionList CLOSING_BRACE
  SelectionList → · Selection
  Selection → · Field
  Field → · Name ArgumentsOpt DirectivesOpt SelectionSetOpt
  Name → · NAME
  Name → · ENUM
  Name → · FRAGMENT
  Name → · IMPLEMENTS
  Name → · INTERFACE
  Name → · ON
  Name → · QUERY
  Name → · SCALAR
  Name → · SCHEMA
  Name → · SUBSCRIPTION
  Name → · TYPE
  Name → · UNION
  Field → · Alias Name ArgumentsOpt DirectivesOpt SelectionSetOpt
  Alias → · Name COLON
  Selection → · FragmentSpread
  FragmentSpread → · ELLIPSIS FragmentName DirectivesOpt
  Selection → · InlineFragment
  InlineFragment → · ELLIPSIS TypeConditionOpt DirectivesOpt SelectionSet
  SelectionList → · SelectionList Selection

I12:
  Definition → FragmentDefinition ·

I13:
  FragmentDefinition → FRAGMENT · FragmentName ON NamedType DirectivesOpt SelectionSet
  FragmentName → · NAME

I14:
  DefinitionList → DefinitionList Definition ·

I15:
  OperationDefinition → OperationType OperationNameOpt · VariableDefinitionsOpt DirectivesOpt SelectionSet
  VariableDefinitionsOpt → · OPENING_PAREN VariableDefinitionList CLOSING_PAREN
  VariableDefinitionsOpt → ε ·

I16:
  OperationNameOpt → Name ·

I17:
  Name → NAME ·

I18:
  Name → ENUM ·

I19:
  Name → FRAGMENT ·

I20:
  Name → IMPLEMENTS ·

I21:
  Name → INTERFACE ·

I22:
  Name → ON ·

I23:
  Name → QUERY ·

I24:
  Name → SCALAR ·

I25:
  Name → SCHEMA ·

I26:
  Name → SUBSCRIPTION ·

I27:
  Name → TYPE ·

I28:
  Name → UNION ·

I29:
  SelectionSet → OPENING_BRACE SelectionList · CLOSING_BRACE
  SelectionList → SelectionList · Selection
  Selection → · Field
  Field → · Name ArgumentsOpt DirectivesOpt SelectionSetOpt
  Name → · NAME
  Name → · ENUM
  Name → · FRAGMENT
  Name → · IMPLEMENTS
  Name → · INTERFACE
  Name → · ON
  Name → · QUERY
  Name → · SCALAR
  Name → · SCHEMA
  Name → · SUBSCRIPTION
  Name → · TYPE
  Name → · UNION
  Field → · Alias Name ArgumentsOpt DirectivesOpt SelectionSetOpt
  Alias → · Name COLON
  Selection → · FragmentSpread
  FragmentSpread → · ELLIPSIS FragmentName DirectivesOpt
  Selection → · InlineFragment
  InlineFragment → · ELLIPSIS TypeConditionOpt DirectivesOpt SelectionSet

I30:
  SelectionList → Selection ·

I31:
  Selection → Field ·

I32:
  Field → Name · ArgumentsOpt DirectivesOpt SelectionSetOpt
  Alias → Name · COLON
  ArgumentsOpt → · OPENING_PAREN ArgumentList CLOSING_PAREN
  ArgumentsOpt → ε ·

I33:
  Field → Alias · Name ArgumentsOpt DirectivesOpt SelectionSetOpt
  Name → · NAME
  Name → · ENUM
  Name → · FRAGMENT
  Name → · IMPLEMENTS
  Name → · INTERFACE
  Name → · ON
  Name → · QUERY
  Name → · SCALAR
  Name → · SCHEMA
  Name → · SUBSCRIPTION
  Name → · TYPE
  Name → · UNION

I34:
  Selection → FragmentSpread ·

I35:
  FragmentSpread → ELLIPSIS · FragmentName DirectivesOpt
  InlineFragment → ELLIPSIS · TypeConditionOpt DirectivesOpt SelectionSet
  FragmentName → · NAME
  TypeConditionOpt → · ON NamedType
  TypeConditionOpt → ε ·

I36:
  Selection → InlineFragment ·

I37:
  FragmentDefinition → FRAGMENT FragmentName · ON NamedType DirectivesOpt SelectionSet

I38:
  FragmentName → NAME ·

I39:
  OperationDefinition → OperationType OperationNameOpt VariableDefinitionsOpt · DirectivesOpt SelectionSet
  DirectivesOpt → · DirectiveList
  DirectiveList → · Directive
  Directive → · AT Name ArgumentsOpt
  DirectiveList → · DirectiveList Directive
  DirectivesOpt → ε ·

I40:
  VariableDefinitionsOpt → OPENING_PAREN · VariableDefinitionList CLOSING_PAREN
  VariableDefinitionList → · VariableDefinition
  VariableDefinition → · Variable COLON Type DefaultValueOpt DirectivesConstOpt
  Variable → · DOLLAR Name
  VariableDefinitionList → · VariableDefinitionList VariableDefinition

I41:
  SelectionSet → OPENING_BRACE SelectionList CLOSING_BRACE ·

I42:
  SelectionList → SelectionList Selection ·

I43:
  Field → Name ArgumentsOpt · DirectivesOpt SelectionSetOpt
  DirectivesOpt → · DirectiveList
  DirectiveList → · Directive
  Directive → · AT Name ArgumentsOpt
  DirectiveList → · DirectiveList Directive
  DirectivesOpt → ε ·

I44:
  Alias → Name COLON ·

I45:
  ArgumentsOpt → OPENING_PAREN · ArgumentList CLOSING_PAREN
  ArgumentList → · Argument
  Argument → · Name COLON Value
  Name → · NAME
  Name → · ENUM
  Name → · FRAGMENT
  Name → · IMPLEMENTS
  Name → · INTERFACE
  Name → · ON
  Name → · QUERY
  Name → · SCALAR
  Name → · SCHEMA
  Name → · SUBSCRIPTION
  Name → · TYPE
  Name → · UNION
  ArgumentList → · ArgumentList Argument

I46:
  Field → Alias Name · ArgumentsOpt DirectivesOpt SelectionSetOpt
  ArgumentsOpt → · OPENING_PAREN ArgumentList CLOSING_PAREN
  ArgumentsOpt → ε ·

I47:
  FragmentSpread → ELLIPSIS FragmentName · DirectivesOpt
  DirectivesOpt → · DirectiveList
  DirectiveList → · Directive
  Directive → · AT Name ArgumentsOpt
  DirectiveList → · DirectiveList Directive
  DirectivesOpt → ε ·

I48:
  InlineFragment → ELLIPSIS TypeConditionOpt · DirectivesOpt SelectionSet
  DirectivesOpt → · DirectiveList
  DirectiveList → · Directive
  Directive → · AT Name ArgumentsOpt
  DirectiveList → · DirectiveList Directive
  DirectivesOpt → ε ·

I49:
  TypeConditionOpt → ON · NamedType
  NamedType → · Name
  Name → · NAME
  Name → · ENUM
  Name → · FRAGMENT
  Name → · IMPLEMENTS
  Name → · INTERFACE
  Name → · ON
  Name → · QUERY
  Name → · SCALAR
  Name → · SCHEMA
  Name → · SUBSCRIPTION
  Name → · TYPE
  Name → · UNION

I50:
  FragmentDefinition → FRAGMENT FragmentName ON · NamedType DirectivesOpt SelectionSet
  NamedType → · Name
  Name → · NAME
  Name → · ENUM
  Name → · FRAGMENT
  Name → · IMPLEMENTS
  Name → · INTERFACE
  Name → · ON
  Name → · QUERY
  Name → · SCALAR
  Name → · SCHEMA
  Name → · SUBSCRIPTION
  Name → · TYPE
  Name → · UNION

I51:
  OperationDefinition → OperationType OperationNameOpt VariableDefinitionsOpt DirectivesOpt · SelectionSet
  SelectionSet → · OPENING_BRACE SelectionList CLOSING_BRACE

I52:
  DirectivesOpt → DirectiveList ·
  DirectiveList → DirectiveList · Directive
  Directive → · AT Name ArgumentsOpt

I53:
  DirectiveList → Directive ·

I54:
  Directive → AT · Name ArgumentsOpt
  Name → · NAME
  Name → · ENUM
  Name → · FRAGMENT
  Name → · IMPLEMENTS
  Name → · INTERFACE
  Name → · ON
  Name → · QUERY
  Name → · SCALAR
  Name → · SCHEMA
  Name → · SUBSCRIPTION
  Name → · TYPE
  Name → · UNION

I55:
  VariableDefinitionsOpt → OPENING_PAREN VariableDefinitionList · CLOSING_PAREN
  VariableDefinitionList → VariableDefinitionList · VariableDefinition
  VariableDefinition → · Variable COLON Type DefaultValueOpt DirectivesConstOpt
  Variable → · DOLLAR Name

I56:
  VariableDefinitionList → VariableDefinition ·

I57:
  VariableDefinition → Variable · COLON Type DefaultValueOpt DirectivesConstOpt

I58:
  Variable → DOLLAR · Name
  Name → · NAME
  Name → · ENUM
  Name → · FRAGMENT
  Name → · IMPLEMENTS
  Name → · INTERFACE
  Name → · ON
  Name → · QUERY
  Name → · SCALAR
  Name → · SCHEMA
  Name → · SUBSCRIPTION
  Name → · TYPE
  Name → · UNION

I59:
  Field → Name ArgumentsOpt DirectivesOpt · SelectionSetOpt
  SelectionSetOpt → · SelectionSet
  SelectionSet → · OPENING_BRACE SelectionList CLOSING_BRACE
  SelectionSetOpt → ε ·

I60:
  ArgumentsOpt → OPENING_PAREN ArgumentList · CLOSING_PAREN
  ArgumentList → ArgumentList · Argument
  Argument → · Name COLON Value
  Name → · NAME
  Name → · ENUM
  Name → · FRAGMENT
  Name → · IMPLEMENTS
  Name → · INTERFACE
  Name → · ON
  Name → · QUERY
  Name → · SCALAR
  Name → · SCHEMA
  Name → · SUBSCRIPTION
  Name → · TYPE
  Name → · UNION

I61:
  ArgumentList → Argument ·

I62:
  Argument → Name · COLON Value

I63:
  Field → Alias Name ArgumentsOpt · DirectivesOpt SelectionSetOpt
  DirectivesOpt → · DirectiveList
  DirectiveList → · Directive
  Directive → · AT Name ArgumentsOpt
  DirectiveList → · DirectiveList Directive
  DirectivesOpt → ε ·

I64:
  FragmentSpread → ELLIPSIS FragmentName DirectivesOpt ·

I65:
  InlineFragment → ELLIPSIS TypeConditionOpt DirectivesOpt · SelectionSet
  SelectionSet → · OPENING_BRACE SelectionList CLOSING_BRACE

I66:
  TypeConditionOpt → ON NamedType ·

I67:
  NamedType → Name ·

I68:
  FragmentDefinition → FRAGMENT FragmentName ON NamedType · DirectivesOpt SelectionSet
  DirectivesOpt → · DirectiveList
  DirectiveList → · Directive
  Directive → · AT Name ArgumentsOpt
  DirectiveList → · DirectiveList Directive
  DirectivesOpt → ε ·

I69:
  OperationDefinition → OperationType OperationNameOpt VariableDefinitionsOpt DirectivesOpt SelectionSet ·

I70:
  DirectiveList → DirectiveList Directive ·

I71:
  Directive → AT Name · ArgumentsOpt
  ArgumentsOpt → · OPENING_PAREN ArgumentList CLOSING_PAREN
  ArgumentsOpt → ε ·

I72:
  VariableDefinitionsOpt → OPENING_PAREN VariableDefinitionList CLOSING_PAREN ·

I73:
  VariableDefinitionList → VariableDefinitionList VariableDefinition ·

I74:
  VariableDefinition → Variable COLON · Type DefaultValueOpt DirectivesConstOpt
  Type → · NamedType
  NamedType → · Name
  Name → · NAME
  Name → · ENUM
  Name → · FRAGMENT
  Name → · IMPLEMENTS
  Name → · INTERFACE
  Name → · ON
  Name → · QUERY
  Name → · SCALAR
  Name → · SCHEMA
  Name → · SUBSCRIPTION
  Name → · TYPE
  Name → · UNION
  Type → · ListType
  ListType → · OPENING_BRACKET Type CLOSING_BRACKET
  Type → · NonNullType
  NonNullType → · ListType BANG
  NonNullType → · NamedType BANG

I75:
  Variable → DOLLAR Name ·

I76:
  Field → Name ArgumentsOpt DirectivesOpt SelectionSetOpt ·

I77:
  SelectionSetOpt → SelectionSet ·

I78:
  ArgumentsOpt → OPENING_PAREN ArgumentList CLOSING_PAREN ·

I79:
  ArgumentList → ArgumentList Argument ·

I80:
  Argument → Name COLON · Value
  Value → · Variable
  Variable → · DOLLAR Name
  Value → · NumberValue
  NumberValue → · NUMBER
  Value → · StringValue
  StringValue → · STRING_VALUE
  StringValue → · BLOCK_STRING_VALUE
  Value → · NamedValue
  NamedValue → · Name
  Name → · NAME
  Name → · ENUM
  Name → · FRAGMENT
  Name → · IMPLEMENTS
  Name → · INTERFACE
  Name → · ON
  Name → · QUERY
  Name → · SCALAR
  Name → · SCHEMA
  Name → · SUBSCRIPTION
  Name → · TYPE
  Name → · UNION
  Value → · ListValue
  ListValue → · OPENING_BRACKET CLOSING_BRACKET
  ListValue → · OPENING_BRACKET ListValueList CLOSING_BRACKET
  Value → · ObjectValue
  ObjectValue → · OPENING_BRACE CLOSING_BRACE
  ObjectValue → · OPENING_BRACE ObjectFieldList CLOSING_BRACE

I81:
  Field → Alias Name ArgumentsOpt DirectivesOpt · SelectionSetOpt
  SelectionSetOpt → · SelectionSet
  SelectionSet → · OPENING_BRACE SelectionList CLOSING_BRACE
  SelectionSetOpt → ε ·

I82:
  InlineFragment → ELLIPSIS TypeConditionOpt DirectivesOpt SelectionSet ·

I83:
  FragmentDefinition → FRAGMENT FragmentName ON NamedType DirectivesOpt · SelectionSet
  SelectionSet → · OPENING_BRACE SelectionList CLOSING_BRACE

I84:
  Directive → AT Name ArgumentsOpt ·

I85:
  VariableDefinition → Variable COLON Type · DefaultValueOpt DirectivesConstOpt
  DefaultValueOpt → · EQUALS ValueConst
  DefaultValueOpt → ε ·

I86:
  Type → NamedType ·
  NonNullType → NamedType · BANG

I87:
  Type → ListType ·
  NonNullType → ListType · BANG

I88:
  ListType → OPENING_BRACKET · Type CLOSING_BRACKET
  Type → · NamedType
  NamedType → · Name
  Name → · NAME
  Name → · ENUM
  Name → · FRAGMENT
  Name → · IMPLEMENTS
  Name → · INTERFACE
  Name → · ON
  Name → · QUERY
  Name → · SCALAR
  Name → · SCHEMA
  Name → · SUBSCRIPTION
  Name → · TYPE
  Name → · UNION
  Type → · ListType
  ListType → · OPENING_BRACKET Type CLOSING_BRACKET
  Type → · NonNullType
  NonNullType → · ListType BANG
  NonNullType → · NamedType BANG

I89:
  Type → NonNullType ·

I90:
  Argument → Name COLON Value ·

I91:
  Value → Variable ·

I92:
  Value → NumberValue ·

I93:
  NumberValue → NUMBER ·

I94:
  Value → StringValue ·

I95:
  StringValue → STRING_VALUE ·

I96:
  StringValue → BLOCK_STRING_VALUE ·

I97:
  Value → NamedValue ·

I98:
  NamedValue → Name ·

I99:
  Value → ListValue ·

I100:
  ListValue → OPENING_BRACKET · CLOSING_BRACKET
  ListValue → OPENING_BRACKET · ListValueList CLOSING_BRACKET
  ListValueList → · Value
  Value → · Variable
  Variable → · DOLLAR Name
  Value → · NumberValue
  NumberValue → · NUMBER
  Value → · StringValue
  StringValue → · STRING_VALUE
  StringValue → · BLOCK_STRING_VALUE
  Value → · NamedValue
  NamedValue → · Name
  Name → · NAME
  Name → · ENUM
  Name → · FRAGMENT
  Name → · IMPLEMENTS
  Name → · INTERFACE
  Name → · ON
  Name → · QUERY
  Name → · SCALAR
  Name → · SCHEMA
  Name → · SUBSCRIPTION
  Name → · TYPE
  Name → · UNION
  Value → · ListValue
  ListValue → · OPENING_BRACKET CLOSING_BRACKET
  ListValue → · OPENING_BRACKET ListValueList CLOSING_BRACKET
  Value → · ObjectValue
  ObjectValue → · OPENING_BRACE CLOSING_BRACE
  ObjectValue → · OPENING_BRACE ObjectFieldList CLOSING_BRACE
  ListValueList → · ListValueList Value

I101:
  Value → ObjectValue ·

I102:
  ObjectValue → OPENING_BRACE · CLOSING_BRACE
  ObjectValue → OPENING_BRACE · ObjectFieldList CLOSING_BRACE
  ObjectFieldList → · ObjectField
  ObjectField → · Name COLON Value
  Name → · NAME
  Name → · ENUM
  Name → · FRAGMENT
  Name → · IMPLEMENTS
  Name → · INTERFACE
  Name → · ON
  Name → · QUERY
  Name → · SCALAR
  Name → · SCHEMA
  Name → · SUBSCRIPTION
  Name → · TYPE
  Name → · UNION
  ObjectFieldList → · ObjectFieldList ObjectField

I103:
  Field → Alias Name ArgumentsOpt DirectivesOpt SelectionSetOpt ·

I104:
  FragmentDefinition → FRAGMENT FragmentName ON NamedType DirectivesOpt SelectionSet ·

I105:
  VariableDefinition → Variable COLON Type DefaultValueOpt · DirectivesConstOpt
  DirectivesConstOpt → · DirectiveConstList
  DirectiveConstList → · DirectiveConst
  DirectiveConst → · AT Name ArgumentsConstOpt
  DirectiveConstList → · DirectiveConstList DirectiveConst
  DirectivesConstOpt → ε ·

I106:
  DefaultValueOpt → EQUALS · ValueConst
  ValueConst → · NumberValue
  NumberValue → · NUMBER
  ValueConst → · StringValue
  StringValue → · STRING_VALUE
  StringValue → · BLOCK_STRING_VALUE
  ValueConst → · NamedValue
  NamedValue → · Name
  Name → · NAME
  Name → · ENUM
  Name → · FRAGMENT
  Name → · IMPLEMENTS
  Name → · INTERFACE
  Name → · ON
  Name → · QUERY
  Name → · SCALAR
  Name → · SCHEMA
  Name → · SUBSCRIPTION
  Name → · TYPE
  Name → · UNION
  ValueConst → · ListValueConst
  ListValueConst → · OPENING_BRACKET CLOSING_BRACKET
  ListValueConst → · OPENING_BRACKET ListValueConstList CLOSING_BRACKET
  ValueConst → · ObjectValueConst
  ObjectValueConst → · OPENING_BRACE CLOSING_BRACE
  ObjectValueConst → · OPENING_BRACE ObjectFieldConstList CLOSING_BRACE

I107:
  NonNullType → NamedType BANG ·

I108:
  NonNullType → ListType BANG ·

I109:
  ListType → OPENING_BRACKET Type · CLOSING_BRACKET

I110:
  ListValue → OPENING_BRACKET CLOSING_BRACKET ·

I111:
  ListValue → OPENING_BRACKET ListValueList · CLOSING_BRACKET
  ListValueList → ListValueList · Value
  Value → · Variable
  Variable → · DOLLAR Name
  Value → · NumberValue
  NumberValue → · NUMBER
  Value → · StringValue
  StringValue → · STRING_VALUE
  StringValue → · BLOCK_STRING_VALUE
  Value → · NamedValue
  NamedValue → · Name
  Name → · NAME
  Name → · ENUM
  Name → · FRAGMENT
  Name → · IMPLEMENTS
  Name → · INTERFACE
  Name → · ON
  Name → · QUERY
  Name → · SCALAR
  Name → · SCHEMA
  Name → · SUBSCRIPTION
  Name → · TYPE
  Name → · UNION
  Value → · ListValue
  ListValue → · OPENING_BRACKET CLOSING_BRACKET
  ListValue → · OPENING_BRACKET ListValueList CLOSING_BRACKET
  Value → · ObjectValue
  ObjectValue → · OPENING_BRACE CLOSING_BRACE
  ObjectValue → · OPENING_BRACE ObjectFieldList CLOSING_BRACE

I112:
  ListValueList → Value ·

I113:
  ObjectValue → OPENING_BRACE CLOSING_BRACE ·

I114:
  ObjectValue → OPENING_BRACE ObjectFieldList · CLOSING_BRACE
  ObjectFieldList → ObjectFieldList · ObjectField
  ObjectField → · Name COLON Value
  Name → · NAME
  Name → · ENUM
  Name → · FRAGMENT
  Name → · IMPLEMENTS
  Name → · INTERFACE
  Name → · ON
  Name → · QUERY
  Name → · SCALAR
  Name → · SCHEMA
  Name → · SUBSCRIPTION
  Name → · TYPE
  Name → · UNION

I115:
  ObjectFieldList → ObjectField ·

I116:
  ObjectField → Name · COLON Value

I117:
  VariableDefinition → Variable COLON Type DefaultValueOpt DirectivesConstOpt ·

I118:
  DirectivesConstOpt → DirectiveConstList ·
  DirectiveConstList → DirectiveConstList · DirectiveConst
  DirectiveConst → · AT Name ArgumentsConstOpt

I119:
  DirectiveConstList → DirectiveConst ·

I120:
  DirectiveConst → AT · Name ArgumentsConstOpt
  Name → · NAME
  Name → · ENUM
  Name → · FRAGMENT
  Name → · IMPLEMENTS
  Name → · INTERFACE
  Name → · ON
  Name → · QUERY
  Name → · SCALAR
  Name → · SCHEMA
  Name → · SUBSCRIPTION
  Name → · TYPE
  Name → · UNION

I121:
  DefaultValueOpt → EQUALS ValueConst ·

I122:
  ValueConst → NumberValue ·

I123:
  ValueConst → StringValue ·

I124:
  ValueConst → NamedValue ·

I125:
  ValueConst → ListValueConst ·

I126:
  ListValueConst → OPENING_BRACKET · CLOSING_BRACKET
  ListValueConst → OPENING_BRACKET · ListValueConstList CLOSING_BRACKET
  ListValueConstList → · ValueConst
  ValueConst → · NumberValue
  NumberValue → · NUMBER
  ValueConst → · StringValue
  StringValue → · STRING_VALUE
  StringValue → · BLOCK_STRING_VALUE
  ValueConst → · NamedValue
  NamedValue → · Name
  Name → · NAME
  Name → · ENUM
  Name → · FRAGMENT
  Name → · IMPLEMENTS
  Name → · INTERFACE
  Name → · ON
  Name → · QUERY
  Name → · SCALAR
  Name → · SCHEMA
  Name → · SUBSCRIPTION
  Name → · TYPE
  Name → · UNION
  ValueConst → · ListValueConst
  ListValueConst → · OPENING_BRACKET CLOSING_BRACKET
  ListValueConst → · OPENING_BRACKET ListValueConstList CLOSING_BRACKET
  ValueConst → · ObjectValueConst
  ObjectValueConst → · OPENING_BRACE CLOSING_BRACE
  ObjectValueConst → · OPENING_BRACE ObjectFieldConstList CLOSING_BRACE
  ListValueConstList → · ListValueConstList ValueConst

I127:
  ValueConst → ObjectValueConst ·

I128:
  ObjectValueConst → OPENING_BRACE · CLOSING_BRACE
  ObjectValueConst → OPENING_BRACE · ObjectFieldConstList CLOSING_BRACE
  ObjectFieldConstList → · ObjectFieldConst
  ObjectFieldConst → · Name COLON ValueConst
  Name → · NAME
  Name → · ENUM
  Name → · FRAGMENT
  Name → · IMPLEMENTS
  Name → · INTERFACE
  Name → · ON
  Name → · QUERY
  Name → · SCALAR
  Name → · SCHEMA
  Name → · SUBSCRIPTION
  Name → · TYPE
  Name → · UNION
  ObjectFieldConstList → · ObjectFieldConstList ObjectFieldConst

I129:
  ListType → OPENING_BRACKET Type CLOSING_BRACKET ·

I130:
  ListValue → OPENING_BRACKET ListValueList CLOSING_BRACKET ·

I131:
  ListValueList → ListValueList Value ·

I132:
  ObjectValue → OPENING_BRACE ObjectFieldList CLOSING_BRACE ·

I133:
  ObjectFieldList → ObjectFieldList ObjectField ·

I134:
  ObjectField → Name COLON · Value
  Value → · Variable
  Variable → · DOLLAR Name
  Value → · NumberValue
  NumberValue → · NUMBER
  Value → · StringValue
  StringValue → · STRING_VALUE
  StringValue → · BLOCK_STRING_VALUE
  Value → · NamedValue
  NamedValue → · Name
  Name → · NAME
  Name → · ENUM
  Name → · FRAGMENT
  Name → · IMPLEMENTS
  Name → · INTERFACE
  Name → · ON
  Name → · QUERY
  Name → · SCALAR
  Name → · SCHEMA
  Name → · SUBSCRIPTION
  Name → · TYPE
  Name → · UNION
  Value → · ListValue
  ListValue → · OPENING_BRACKET CLOSING_BRACKET
  ListValue → · OPENING_BRACKET ListValueList CLOSING_BRACKET
  Value → · ObjectValue
  ObjectValue → · OPENING_BRACE CLOSING_BRACE
  ObjectValue → · OPENING_BRACE ObjectFieldList CLOSING_BRACE

I135:
  DirectiveConstList → DirectiveConstList DirectiveConst ·

I136:
  DirectiveConst → AT Name · ArgumentsConstOpt
  ArgumentsConstOpt → · OPENING_PAREN ArgumentConstList CLOSING_PAREN
  ArgumentsConstOpt → ε ·

I137:
  ListValueConst → OPENING_BRACKET CLOSING_BRACKET ·

I138:
  ListValueConst → OPENING_BRACKET ListValueConstList · CLOSING_BRACKET
  ListValueConstList → ListValueConstList · ValueConst
  ValueConst → · NumberValue
  NumberValue → · NUMBER
  ValueConst → · StringValue
  StringValue → · STRING_VALUE
  StringValue → · BLOCK_STRING_VALUE
  ValueConst → · NamedValue
  NamedValue → · Name
  Name → · NAME
  Name → · ENUM
  Name → · FRAGMENT
  Name → · IMPLEMENTS
  Name → · INTERFACE
  Name → · ON
  Name → · QUERY
  Name → · SCALAR
  Name → · SCHEMA
  Name → · SUBSCRIPTION
  Name → · TYPE
  Name → · UNION
  ValueConst → · ListValueConst
  ListValueConst → · OPENING_BRACKET CLOSING_BRACKET
  ListValueConst → · OPENING_BRACKET ListValueConstList CLOSING_BRACKET
  ValueConst → · ObjectValueConst
  ObjectValueConst → · OPENING_BRACE CLOSING_BRACE
  ObjectValueConst → · OPENING_BRACE ObjectFieldConstList CLOSING_BRACE

I139:
  ListValueConstList → ValueConst ·

I140:
  ObjectValueConst → OPENING_BRACE CLOSING_BRACE ·

I141:
  ObjectValueConst → OPENING_BRACE ObjectFieldConstList · CLOSING_BRACE
  ObjectFieldConstList → ObjectFieldConstList · ObjectFieldConst
  ObjectFieldConst → · Name COLON ValueConst
  Name → · NAME
  Name → · ENUM
  Name → · FRAGMENT
  Name → · IMPLEMENTS
  Name → · INTERFACE
  Name → · ON
  Name → · QUERY
  Name → · SCALAR
  Name → · SCHEMA
  Name → · SUBSCRIPTION
  Name → · TYPE
  Name → · UNION

I142:
  ObjectFieldConstList → ObjectFieldConst ·

I143:
  ObjectFieldConst → Name · COLON ValueConst

I144:
  ObjectField → Name COLON Value ·

I145:
  DirectiveConst → AT Name ArgumentsConstOpt ·

I146:
  ArgumentsConstOpt → OPENING_PAREN · ArgumentConstList CLOSING_PAREN
  ArgumentConstList → · ArgumentConst
  ArgumentConst → · Name COLON ValueConst
  Name → · NAME
  Name → · ENUM
  Name → · FRAGMENT
  Name → · IMPLEMENTS
  Name → · INTERFACE
  Name → · ON
  Name → · QUERY
  Name → · SCALAR
  Name → · SCHEMA
  Name → · SUBSCRIPTION
  Name → · TYPE
  Name → · UNION
  ArgumentConstList → · ArgumentConstList ArgumentConst

I147:
  ListValueConst → OPENING_BRACKET ListValueConstList CLOSING_BRACKET ·

I148:
  ListValueConstList → ListValueConstList ValueConst ·

I149:
  ObjectValueConst → OPENING_BRACE ObjectFieldConstList CLOSING_BRACE ·

I150:
  ObjectFieldConstList → ObjectFieldConstList ObjectFieldConst ·

I151:
  ObjectFieldConst → Name COLON · ValueConst
  ValueConst → · NumberValue
  NumberValue → · NUMBER
  ValueConst → · StringValue
  StringValue → · STRING_VALUE
  StringValue → · BLOCK_STRING_VALUE
  ValueConst → · NamedValue
  NamedValue → · Name
  Name → · NAME
  Name → · ENUM
  Name → · FRAGMENT
  Name → · IMPLEMENTS
  Name → · INTERFACE
  Name → · ON
  Name → · QUERY
  Name → · SCALAR
  Name → · SCHEMA
  Name → · SUBSCRIPTION
  Name → · TYPE
  Name → · UNION
  ValueConst → · ListValueConst
  ListValueConst → · OPENING_BRACKET CLOSING_BRACKET
  ListValueConst → · OPENING_BRACKET ListValueConstList CLOSING_BRACKET
  ValueConst → · ObjectValueConst
  ObjectValueConst → · OPENING_BRACE CLOSING_BRACE
  ObjectValueConst → · OPENING_BRACE ObjectFieldConstList CLOSING_BRACE

I152:
  ArgumentsConstOpt → OPENING_PAREN ArgumentConstList · CLOSING_PAREN
  ArgumentConstList → ArgumentConstList · ArgumentConst
  ArgumentConst → · Name COLON ValueConst
  Name → · NAME
  Name → · ENUM
  Name → · FRAGMENT
  Name → · IMPLEMENTS
  Name → · INTERFACE
  Name → · ON
  Name → · QUERY
  Name → · SCALAR
  Name → · SCHEMA
  Name → · SUBSCRIPTION
  Name → · TYPE
  Name → · UNION

I153:
  ArgumentConstList → ArgumentConst ·

I154:
  ArgumentConst → Name · COLON ValueConst

I155:
  ObjectFieldConst → Name COLON ValueConst ·

I156:
  ArgumentsConstOpt → OPENING_PAREN ArgumentConstList CLOSING_PAREN ·

I157:
  ArgumentConstList → ArgumentConstList ArgumentConst ·

I158:
  ArgumentConst → Name COLON · ValueConst
  ValueConst → · NumberValue
  NumberValue → · NUMBER
  ValueConst → · StringValue
  StringValue → · STRING_VALUE
  StringValue → · BLOCK_STRING_VALUE
  ValueConst → · NamedValue
  NamedValue → · Name
  Name → · NAME
  Name → · ENUM
  Name → · FRAGMENT
  Name → · IMPLEMENTS
  Name → · INTERFACE
  Name → · ON
  Name → · QUERY
  Name → · SCALAR
  Name → · SCHEMA
  Name → · SUBSCRIPTION
  Name → · TYPE
  Name → · UNION
  ValueConst → · ListValueConst
  ListValueConst → · OPENING_BRACKET CLOSING_BRACKET
  ListValueConst → · OPENING_BRACKET ListValueConstList CLOSING_BRACKET
  ValueConst → · ObjectValueConst
  ObjectValueConst → · OPENING_BRACE CLOSING_BRACE
  ObjectValueConst → · OPENING_BRACE ObjectFieldConstList CLOSING_BRACE

I159:
  ArgumentConst → Name COLON ValueConst ·
"
`;
