// Bun Snapshot v1, https://bun.sh/docs/test/snapshots

exports[`itemSetsToTransitionTable() returns a transition table for the GraphQL grammar 1`] = `
"
0:
  FRAGMENT → 13
  MUTATION → 8
  OPENING_BRACE → 11
  QUERY → 7
  SUBSCRIPTION → 9
  Definition → 3
  DefinitionList → 2
  Document → 1
  ExecutableDefinition → 4
  FragmentDefinition → 12
  OperationDefinition → 5
  OperationType → 6
  SelectionSet → 10
2:
  FRAGMENT → 13
  MUTATION → 8
  OPENING_BRACE → 11
  QUERY → 7
  SUBSCRIPTION → 9
  Definition → 14
  ExecutableDefinition → 4
  FragmentDefinition → 12
  OperationDefinition → 5
  OperationType → 6
  SelectionSet → 10
6:
  ENUM → 18
  FRAGMENT → 19
  IMPLEMENTS → 20
  INTERFACE → 21
  NAME → 17
  ON → 22
  QUERY → 23
  SCALAR → 24
  SCHEMA → 25
  SUBSCRIPTION → 26
  TYPE → 27
  UNION → 28
  Name → 16
  OperationNameOpt → 15
11:
  ELLIPSIS → 35
  ENUM → 18
  FRAGMENT → 19
  IMPLEMENTS → 20
  INTERFACE → 21
  NAME → 17
  ON → 22
  QUERY → 23
  SCALAR → 24
  SCHEMA → 25
  SUBSCRIPTION → 26
  TYPE → 27
  UNION → 28
  Alias → 33
  Field → 31
  FragmentSpread → 34
  InlineFragment → 36
  Name → 32
  Selection → 30
  SelectionList → 29
13:
  NAME → 38
  FragmentName → 37
15:
  OPENING_PAREN → 40
  VariableDefinitionsOpt → 39
29:
  CLOSING_BRACE → 41
  ELLIPSIS → 35
  ENUM → 18
  FRAGMENT → 19
  IMPLEMENTS → 20
  INTERFACE → 21
  NAME → 17
  ON → 22
  QUERY → 23
  SCALAR → 24
  SCHEMA → 25
  SUBSCRIPTION → 26
  TYPE → 27
  UNION → 28
  Alias → 33
  Field → 31
  FragmentSpread → 34
  InlineFragment → 36
  Name → 32
  Selection → 42
32:
  COLON → 44
  OPENING_PAREN → 45
  ArgumentsOpt → 43
33:
  ENUM → 18
  FRAGMENT → 19
  IMPLEMENTS → 20
  INTERFACE → 21
  NAME → 17
  ON → 22
  QUERY → 23
  SCALAR → 24
  SCHEMA → 25
  SUBSCRIPTION → 26
  TYPE → 27
  UNION → 28
  Name → 46
35:
  NAME → 38
  ON → 49
  FragmentName → 47
  TypeConditionOpt → 48
37:
  ON → 50
39:
  AT → 54
  Directive → 53
  DirectiveList → 52
  DirectivesOpt → 51
40:
  DOLLAR → 58
  Variable → 57
  VariableDefinition → 56
  VariableDefinitionList → 55
43:
  AT → 54
  Directive → 53
  DirectiveList → 52
  DirectivesOpt → 59
45:
  ENUM → 18
  FRAGMENT → 19
  IMPLEMENTS → 20
  INTERFACE → 21
  NAME → 17
  ON → 22
  QUERY → 23
  SCALAR → 24
  SCHEMA → 25
  SUBSCRIPTION → 26
  TYPE → 27
  UNION → 28
  Argument → 61
  ArgumentList → 60
  Name → 62
46:
  OPENING_PAREN → 45
  ArgumentsOpt → 63
47:
  AT → 54
  Directive → 53
  DirectiveList → 52
  DirectivesOpt → 64
48:
  AT → 54
  Directive → 53
  DirectiveList → 52
  DirectivesOpt → 65
49:
  ENUM → 18
  FRAGMENT → 19
  IMPLEMENTS → 20
  INTERFACE → 21
  NAME → 17
  ON → 22
  QUERY → 23
  SCALAR → 24
  SCHEMA → 25
  SUBSCRIPTION → 26
  TYPE → 27
  UNION → 28
  Name → 67
  NamedType → 66
50:
  ENUM → 18
  FRAGMENT → 19
  IMPLEMENTS → 20
  INTERFACE → 21
  NAME → 17
  ON → 22
  QUERY → 23
  SCALAR → 24
  SCHEMA → 25
  SUBSCRIPTION → 26
  TYPE → 27
  UNION → 28
  Name → 67
  NamedType → 68
51:
  OPENING_BRACE → 11
  SelectionSet → 69
52:
  AT → 54
  Directive → 70
54:
  ENUM → 18
  FRAGMENT → 19
  IMPLEMENTS → 20
  INTERFACE → 21
  NAME → 17
  ON → 22
  QUERY → 23
  SCALAR → 24
  SCHEMA → 25
  SUBSCRIPTION → 26
  TYPE → 27
  UNION → 28
  Name → 71
55:
  CLOSING_PAREN → 72
  DOLLAR → 58
  Variable → 57
  VariableDefinition → 73
57:
  COLON → 74
58:
  ENUM → 18
  FRAGMENT → 19
  IMPLEMENTS → 20
  INTERFACE → 21
  NAME → 17
  ON → 22
  QUERY → 23
  SCALAR → 24
  SCHEMA → 25
  SUBSCRIPTION → 26
  TYPE → 27
  UNION → 28
  Name → 75
59:
  OPENING_BRACE → 11
  SelectionSet → 77
  SelectionSetOpt → 76
60:
  CLOSING_PAREN → 78
  ENUM → 18
  FRAGMENT → 19
  IMPLEMENTS → 20
  INTERFACE → 21
  NAME → 17
  ON → 22
  QUERY → 23
  SCALAR → 24
  SCHEMA → 25
  SUBSCRIPTION → 26
  TYPE → 27
  UNION → 28
  Argument → 79
  Name → 62
62:
  COLON → 80
63:
  AT → 54
  Directive → 53
  DirectiveList → 52
  DirectivesOpt → 81
65:
  OPENING_BRACE → 11
  SelectionSet → 82
68:
  AT → 54
  Directive → 53
  DirectiveList → 52
  DirectivesOpt → 83
71:
  OPENING_PAREN → 45
  ArgumentsOpt → 84
74:
  ENUM → 18
  FRAGMENT → 19
  IMPLEMENTS → 20
  INTERFACE → 21
  NAME → 17
  ON → 22
  OPENING_BRACKET → 88
  QUERY → 23
  SCALAR → 24
  SCHEMA → 25
  SUBSCRIPTION → 26
  TYPE → 27
  UNION → 28
  ListType → 87
  Name → 67
  NamedType → 86
  NonNullType → 89
  Type → 85
80:
  BLOCK_STRING_VALUE → 96
  DOLLAR → 58
  ENUM → 18
  FRAGMENT → 19
  IMPLEMENTS → 20
  INTERFACE → 21
  NAME → 17
  NUMBER → 93
  ON → 22
  OPENING_BRACE → 102
  OPENING_BRACKET → 100
  QUERY → 23
  SCALAR → 24
  SCHEMA → 25
  STRING_VALUE → 95
  SUBSCRIPTION → 26
  TYPE → 27
  UNION → 28
  ListValue → 99
  Name → 98
  NamedValue → 97
  NumberValue → 92
  ObjectValue → 101
  StringValue → 94
  Value → 90
  Variable → 91
81:
  OPENING_BRACE → 11
  SelectionSet → 77
  SelectionSetOpt → 103
83:
  OPENING_BRACE → 11
  SelectionSet → 104
85:
  EQUALS → 106
  DefaultValueOpt → 105
86:
  BANG → 107
87:
  BANG → 108
88:
  ENUM → 18
  FRAGMENT → 19
  IMPLEMENTS → 20
  INTERFACE → 21
  NAME → 17
  ON → 22
  OPENING_BRACKET → 88
  QUERY → 23
  SCALAR → 24
  SCHEMA → 25
  SUBSCRIPTION → 26
  TYPE → 27
  UNION → 28
  ListType → 87
  Name → 67
  NamedType → 86
  NonNullType → 89
  Type → 109
100:
  BLOCK_STRING_VALUE → 96
  CLOSING_BRACKET → 110
  DOLLAR → 58
  ENUM → 18
  FRAGMENT → 19
  IMPLEMENTS → 20
  INTERFACE → 21
  NAME → 17
  NUMBER → 93
  ON → 22
  OPENING_BRACE → 102
  OPENING_BRACKET → 100
  QUERY → 23
  SCALAR → 24
  SCHEMA → 25
  STRING_VALUE → 95
  SUBSCRIPTION → 26
  TYPE → 27
  UNION → 28
  ListValue → 99
  ListValueList → 111
  Name → 98
  NamedValue → 97
  NumberValue → 92
  ObjectValue → 101
  StringValue → 94
  Value → 112
  Variable → 91
102:
  CLOSING_BRACE → 113
  ENUM → 18
  FRAGMENT → 19
  IMPLEMENTS → 20
  INTERFACE → 21
  NAME → 17
  ON → 22
  QUERY → 23
  SCALAR → 24
  SCHEMA → 25
  SUBSCRIPTION → 26
  TYPE → 27
  UNION → 28
  Name → 116
  ObjectField → 115
  ObjectFieldList → 114
105:
  AT → 120
  DirectiveConst → 119
  DirectiveConstList → 118
  DirectivesConstOpt → 117
106:
  BLOCK_STRING_VALUE → 96
  ENUM → 18
  FRAGMENT → 19
  IMPLEMENTS → 20
  INTERFACE → 21
  NAME → 17
  NUMBER → 93
  ON → 22
  OPENING_BRACE → 128
  OPENING_BRACKET → 126
  QUERY → 23
  SCALAR → 24
  SCHEMA → 25
  STRING_VALUE → 95
  SUBSCRIPTION → 26
  TYPE → 27
  UNION → 28
  ListValueConst → 125
  Name → 98
  NamedValue → 124
  NumberValue → 122
  ObjectValueConst → 127
  StringValue → 123
  ValueConst → 121
109:
  CLOSING_BRACKET → 129
111:
  BLOCK_STRING_VALUE → 96
  CLOSING_BRACKET → 130
  DOLLAR → 58
  ENUM → 18
  FRAGMENT → 19
  IMPLEMENTS → 20
  INTERFACE → 21
  NAME → 17
  NUMBER → 93
  ON → 22
  OPENING_BRACE → 102
  OPENING_BRACKET → 100
  QUERY → 23
  SCALAR → 24
  SCHEMA → 25
  STRING_VALUE → 95
  SUBSCRIPTION → 26
  TYPE → 27
  UNION → 28
  ListValue → 99
  Name → 98
  NamedValue → 97
  NumberValue → 92
  ObjectValue → 101
  StringValue → 94
  Value → 131
  Variable → 91
114:
  CLOSING_BRACE → 132
  ENUM → 18
  FRAGMENT → 19
  IMPLEMENTS → 20
  INTERFACE → 21
  NAME → 17
  ON → 22
  QUERY → 23
  SCALAR → 24
  SCHEMA → 25
  SUBSCRIPTION → 26
  TYPE → 27
  UNION → 28
  Name → 116
  ObjectField → 133
116:
  COLON → 134
118:
  AT → 120
  DirectiveConst → 135
120:
  ENUM → 18
  FRAGMENT → 19
  IMPLEMENTS → 20
  INTERFACE → 21
  NAME → 17
  ON → 22
  QUERY → 23
  SCALAR → 24
  SCHEMA → 25
  SUBSCRIPTION → 26
  TYPE → 27
  UNION → 28
  Name → 136
126:
  BLOCK_STRING_VALUE → 96
  CLOSING_BRACKET → 137
  ENUM → 18
  FRAGMENT → 19
  IMPLEMENTS → 20
  INTERFACE → 21
  NAME → 17
  NUMBER → 93
  ON → 22
  OPENING_BRACE → 128
  OPENING_BRACKET → 126
  QUERY → 23
  SCALAR → 24
  SCHEMA → 25
  STRING_VALUE → 95
  SUBSCRIPTION → 26
  TYPE → 27
  UNION → 28
  ListValueConst → 125
  ListValueConstList → 138
  Name → 98
  NamedValue → 124
  NumberValue → 122
  ObjectValueConst → 127
  StringValue → 123
  ValueConst → 139
128:
  CLOSING_BRACE → 140
  ENUM → 18
  FRAGMENT → 19
  IMPLEMENTS → 20
  INTERFACE → 21
  NAME → 17
  ON → 22
  QUERY → 23
  SCALAR → 24
  SCHEMA → 25
  SUBSCRIPTION → 26
  TYPE → 27
  UNION → 28
  Name → 143
  ObjectFieldConst → 142
  ObjectFieldConstList → 141
134:
  BLOCK_STRING_VALUE → 96
  DOLLAR → 58
  ENUM → 18
  FRAGMENT → 19
  IMPLEMENTS → 20
  INTERFACE → 21
  NAME → 17
  NUMBER → 93
  ON → 22
  OPENING_BRACE → 102
  OPENING_BRACKET → 100
  QUERY → 23
  SCALAR → 24
  SCHEMA → 25
  STRING_VALUE → 95
  SUBSCRIPTION → 26
  TYPE → 27
  UNION → 28
  ListValue → 99
  Name → 98
  NamedValue → 97
  NumberValue → 92
  ObjectValue → 101
  StringValue → 94
  Value → 144
  Variable → 91
136:
  OPENING_PAREN → 146
  ArgumentsConstOpt → 145
138:
  BLOCK_STRING_VALUE → 96
  CLOSING_BRACKET → 147
  ENUM → 18
  FRAGMENT → 19
  IMPLEMENTS → 20
  INTERFACE → 21
  NAME → 17
  NUMBER → 93
  ON → 22
  OPENING_BRACE → 128
  OPENING_BRACKET → 126
  QUERY → 23
  SCALAR → 24
  SCHEMA → 25
  STRING_VALUE → 95
  SUBSCRIPTION → 26
  TYPE → 27
  UNION → 28
  ListValueConst → 125
  Name → 98
  NamedValue → 124
  NumberValue → 122
  ObjectValueConst → 127
  StringValue → 123
  ValueConst → 148
141:
  CLOSING_BRACE → 149
  ENUM → 18
  FRAGMENT → 19
  IMPLEMENTS → 20
  INTERFACE → 21
  NAME → 17
  ON → 22
  QUERY → 23
  SCALAR → 24
  SCHEMA → 25
  SUBSCRIPTION → 26
  TYPE → 27
  UNION → 28
  Name → 143
  ObjectFieldConst → 150
143:
  COLON → 151
146:
  ENUM → 18
  FRAGMENT → 19
  IMPLEMENTS → 20
  INTERFACE → 21
  NAME → 17
  ON → 22
  QUERY → 23
  SCALAR → 24
  SCHEMA → 25
  SUBSCRIPTION → 26
  TYPE → 27
  UNION → 28
  ArgumentConst → 153
  ArgumentConstList → 152
  Name → 154
151:
  BLOCK_STRING_VALUE → 96
  ENUM → 18
  FRAGMENT → 19
  IMPLEMENTS → 20
  INTERFACE → 21
  NAME → 17
  NUMBER → 93
  ON → 22
  OPENING_BRACE → 128
  OPENING_BRACKET → 126
  QUERY → 23
  SCALAR → 24
  SCHEMA → 25
  STRING_VALUE → 95
  SUBSCRIPTION → 26
  TYPE → 27
  UNION → 28
  ListValueConst → 125
  Name → 98
  NamedValue → 124
  NumberValue → 122
  ObjectValueConst → 127
  StringValue → 123
  ValueConst → 155
152:
  CLOSING_PAREN → 156
  ENUM → 18
  FRAGMENT → 19
  IMPLEMENTS → 20
  INTERFACE → 21
  NAME → 17
  ON → 22
  QUERY → 23
  SCALAR → 24
  SCHEMA → 25
  SUBSCRIPTION → 26
  TYPE → 27
  UNION → 28
  ArgumentConst → 157
  Name → 154
154:
  COLON → 158
158:
  BLOCK_STRING_VALUE → 96
  ENUM → 18
  FRAGMENT → 19
  IMPLEMENTS → 20
  INTERFACE → 21
  NAME → 17
  NUMBER → 93
  ON → 22
  OPENING_BRACE → 128
  OPENING_BRACKET → 126
  QUERY → 23
  SCALAR → 24
  SCHEMA → 25
  STRING_VALUE → 95
  SUBSCRIPTION → 26
  TYPE → 27
  UNION → 28
  ListValueConst → 125
  Name → 98
  NamedValue → 124
  NumberValue → 122
  ObjectValueConst → 127
  StringValue → 123
  ValueConst → 159"
`;
