// Bun Snapshot v1, https://bun.sh/docs/test/snapshots

exports[`parseExpression() parses a strict equality binary expression 1`] = `
{
  "kind": "BinaryExpression",
  "lhs": {
    "kind": "Identifier",
    "name": "foo",
  },
  "operator": "===",
  "rhs": {
    "base": 10,
    "kind": "NumberValue",
    "value": 1.5,
  },
}
`;

exports[`parseExpression() parses expressions using parentheses 1`] = `
{
  "kind": "BinaryExpression",
  "lhs": {
    "kind": "Identifier",
    "name": "foo",
  },
  "operator": "===",
  "rhs": {
    "base": 10,
    "kind": "NumberValue",
    "value": 1.5,
  },
}
`;
